
> shorts-generator@1.0.136 test:coverage /app
> vitest run --coverage


[1m[46m RUN [49m[22m [36mv4.0.18 [39m[90m/app[39m
      [2mCoverage enabled with [22m[33mv8[39m

[01:02:28] [32mINFO[39m: [36mSent to Telegram[39m
    [35mclipId[39m: "short1"
    [35mmessageId[39m: 123
[01:02:28] [32mINFO[39m: [36mSent to Telegram[39m
    [35mclipId[39m: "short1"
    [35mmessageId[39m: 321
[01:02:28] [33mWARN[39m: [36mVideo too large for Telegram, sending link instead[39m
    [35mclipId[39m: "short1"
    [35msizeMB[39m: "60.0"
[01:02:28] [32mINFO[39m: [36mSent YouTube publish notification to Telegram[39m
    [35mvideoId[39m: "v"
    [35murl[39m: "u"
[01:02:28] [32mINFO[39m: [36mSent YouTube rate-limit alert to Telegram[39m
    [35mchannelName[39m: "Canal"
    [35mreason[39m: "daily-cap"
[01:02:28] [32mINFO[39m: [36mSent YouTube resume alert to Telegram[39m
    [35mchannelName[39m: null
[01:02:28] [32mINFO[39m: [36mSent to Telegram[39m
    [35mclipId[39m: "short1"
    [35mmessageId[39m: 111
[01:02:28] [32mINFO[39m: [36mSent YouTube publish notification to Telegram[39m
    [35mvideoId[39m: "v"
    [35murl[39m: "u"
[01:02:28] [32mINFO[39m: [36mSent YouTube publish notification to Telegram[39m
    [35mvideoId[39m: "v"
    [35murl[39m: "u"
[01:02:28] [32mINFO[39m: [36mSent YouTube publish notification to Telegram[39m
    [35mvideoId[39m: "v"
    [35murl[39m: "u"
[01:02:28] [33mWARN[39m: [36mTelegram message sending failed, retrying...[39m
    [35mattempt[39m: 1
    [35mmaxAttempts[39m: 3
    [35mdelayMs[39m: 2000
[01:02:30] [33mWARN[39m: [36mTelegram message sending failed, retrying...[39m
    [35mattempt[39m: 2
    [35mmaxAttempts[39m: 3
    [35mdelayMs[39m: 4000
[01:02:34] [31mERROR[39m: [36mFailed to send YouTube publish notification[39m
    [35mvideoId[39m: "v"
    error: "Error: Net fail"
[01:02:34] [32mINFO[39m: [36mSent YouTube publish notification to Telegram[39m
    [35mvideoId[39m: "v"
    [35murl[39m: "u"
[01:02:34] [32mINFO[39m: [36mSent YouTube publish notification to Telegram[39m
    [35mvideoId[39m: "v"
    [35murl[39m: "u"
[01:02:34] [32mINFO[39m: [36mSent YouTube publish notification to Telegram[39m
    [35mvideoId[39m: "v"
    [35murl[39m: "u"
[01:02:34] [32mINFO[39m: [36mSent to Telegram[39m
    [35mclipId[39m: "no-clip-vid"
    [35mmessageId[39m: 888
[01:02:34] [32mINFO[39m: [36mSent to Telegram[39m
    [35mclipId[39m: "short1"
    [35mmessageId[39m: 111
[01:02:34] [32mINFO[39m: [36mSent YouTube rate-limit alert to Telegram[39m
    [35mchannelName[39m: "Test Channel"
    [35mreason[39m: "youtube-quota"
[01:02:34] [32mINFO[39m: [36mSent YouTube resume alert to Telegram[39m
    [35mchannelName[39m: "Test Channel"
[01:02:34] [33mWARN[39m: [36mFull video too large for Telegram, sending link instead[39m
    [35mvideoId[39m: "v1"
    [35msizeMB[39m: "60.0"
[01:02:34] [33mWARN[39m: [36mTelegram not configured, skipping upload[39m
[01:02:34] [32mINFO[39m: [36mSent YouTube rate-limit alert to Telegram[39m
    [35mchannelName[39m: "Chan"
    [35mreason[39m: "daily-cap"
[01:02:34] [32mINFO[39m: [36mSent YouTube resume alert to Telegram[39m
    [35mchannelName[39m: "Chan"
[01:02:34] [32mINFO[39m: [36mSent to Telegram[39m
    [35mclipId[39m: "short1"
    [35mmessageId[39m: 321
[01:02:34] [32mINFO[39m: [36mSent YouTube rate-limit alert to Telegram[39m
    [35mchannelName[39m: "Canal"
[01:02:34] [32mINFO[39m: [36mSent YouTube rate-limit alert to Telegram[39m
    [35mchannelName[39m: "Canal"
[01:02:34] [33mWARN[39m: [36mTelegram message sending failed, retrying...[39m
    [35mattempt[39m: 1
    [35mmaxAttempts[39m: 3
    [35mdelayMs[39m: 2000
[01:02:36] [33mWARN[39m: [36mTelegram message sending failed, retrying...[39m
    [35mattempt[39m: 2
    [35mmaxAttempts[39m: 3
    [35mdelayMs[39m: 4000
[01:02:40] [31mERROR[39m: [36mFailed to send YouTube resume alert[39m
    error: "Error: Net fail"
[01:02:40] [33mWARN[39m: [36mTelegram sendVideo failed, retrying...[39m
    [35mattempt[39m: 1
    [35mmaxAttempts[39m: 2
    [35mdelayMs[39m: 1000
[01:02:41] [31mERROR[39m: [36mFailed to send full video to Telegram[39m
    [35mvideoId[39m: "v1"
    error: {
      "name": "Error",
      "message": "Net fail",
      "stack":
          Error: Net fail
              at /app/tests/core/telegram.test.ts:357:37
              at file:///app/node_modules/@vitest/runner/dist/index.js:145:11
              at file:///app/node_modules/@vitest/runner/dist/index.js:915:26
              at file:///app/node_modules/@vitest/runner/dist/index.js:1243:20
              at new Promise (<anonymous>)
              at runWithTimeout (file:///app/node_modules/@vitest/runner/dist/index.js:1209:10)
              at file:///app/node_modules/@vitest/runner/dist/index.js:1653:37
              at Traces.$ (file:///app/node_modules/vitest/dist/chunks/traces.CCmnQaNT.js:142:27)
              at trace (file:///app/node_modules/vitest/dist/chunks/test.B8ej_ZHS.js:239:21)
              at runTest (file:///app/node_modules/@vitest/runner/dist/index.js:1653:12)
    }
[01:02:41] [33mWARN[39m: [36mTelegram sendVideo failed, retrying...[39m
    [35mattempt[39m: 1
    [35mmaxAttempts[39m: 2
    [35mdelayMs[39m: 1000
[01:02:42] [31mERROR[39m: [36mFailed to send to Telegram[39m
    [35mclipId[39m: "short1"
    error: {
      "name": "Error",
      "message": "Net fail",
      "stack":
          Error: Net fail
              at /app/tests/core/telegram.test.ts:366:37
              at file:///app/node_modules/@vitest/runner/dist/index.js:145:11
              at file:///app/node_modules/@vitest/runner/dist/index.js:915:26
              at file:///app/node_modules/@vitest/runner/dist/index.js:1243:20
              at new Promise (<anonymous>)
              at runWithTimeout (file:///app/node_modules/@vitest/runner/dist/index.js:1209:10)
              at file:///app/node_modules/@vitest/runner/dist/index.js:1653:37
              at Traces.$ (file:///app/node_modules/vitest/dist/chunks/traces.CCmnQaNT.js:142:27)
              at trace (file:///app/node_modules/vitest/dist/chunks/test.B8ej_ZHS.js:239:21)
              at runTest (file:///app/node_modules/@vitest/runner/dist/index.js:1653:12)
    }
[01:02:42] [33mWARN[39m: [36mTelegram message sending failed, retrying...[39m
    [35mattempt[39m: 1
    [35mmaxAttempts[39m: 3
    [35mdelayMs[39m: 2000
[01:02:44] [33mWARN[39m: [36mTelegram message sending failed, retrying...[39m
    [35mattempt[39m: 2
    [35mmaxAttempts[39m: 3
    [35mdelayMs[39m: 4000
[01:02:48] [31mERROR[39m: [36mFailed to send error alert to Telegram[39m
    [35me[39m: {}
[01:02:48] [33mWARN[39m: [36mTelegram message sending failed, retrying...[39m
    [35mattempt[39m: 1
    [35mmaxAttempts[39m: 3
    [35mdelayMs[39m: 2000
[01:02:50] [33mWARN[39m: [36mTelegram message sending failed, retrying...[39m
    [35mattempt[39m: 2
    [35mmaxAttempts[39m: 3
    [35mdelayMs[39m: 4000
[01:02:54] [31mERROR[39m: [36mFailed to send summary to Telegram[39m
    error: {
      "name": "Error",
      "message": "Net fail",
      "stack":
          Error: Net fail
              at /app/tests/core/telegram.test.ts:379:39
              at file:///app/node_modules/@vitest/runner/dist/index.js:145:11
              at file:///app/node_modules/@vitest/runner/dist/index.js:915:26
              at file:///app/node_modules/@vitest/runner/dist/index.js:1243:20
              at new Promise (<anonymous>)
              at runWithTimeout (file:///app/node_modules/@vitest/runner/dist/index.js:1209:10)
              at file:///app/node_modules/@vitest/runner/dist/index.js:1653:37
              at Traces.$ (file:///app/node_modules/vitest/dist/chunks/traces.CCmnQaNT.js:142:27)
              at trace (file:///app/node_modules/vitest/dist/chunks/test.B8ej_ZHS.js:239:21)
              at runTest (file:///app/node_modules/@vitest/runner/dist/index.js:1653:12)
    }
[01:02:54] [32mINFO[39m: [36mSent to Telegram[39m
    [35mclipId[39m: "short1"
    [35mmessageId[39m: 111
[01:02:54] [33mWARN[39m: [36mTelegram message sending failed, retrying...[39m
    [35mattempt[39m: 1
    [35mmaxAttempts[39m: 3
    [35mdelayMs[39m: 2000
[01:02:56] [33mWARN[39m: [36mTelegram message sending failed, retrying...[39m
    [35mattempt[39m: 2
    [35mmaxAttempts[39m: 3
    [35mdelayMs[39m: 4000
[01:03:00] [31mERROR[39m: [36mFailed to send error alert to Telegram[39m
    [35me[39m: "err str"
[01:03:00] [32mINFO[39m: [36mSent YouTube rate-limit alert to Telegram[39m
    [35mchannelName[39m: "Canal"
[01:03:00] [33mWARN[39m: [36mTelegram message sending failed, retrying...[39m
    [35mattempt[39m: 1
    [35mmaxAttempts[39m: 3
    [35mdelayMs[39m: 2000
[01:03:02] [33mWARN[39m: [36mTelegram message sending failed, retrying...[39m
    [35mattempt[39m: 2
    [35mmaxAttempts[39m: 3
    [35mdelayMs[39m: 4000
[01:03:06] [31mERROR[39m: [36mFailed to send YouTube resume alert[39m
    error: "err str"
[01:03:06] [33mWARN[39m: [36mTelegram message sending failed, retrying...[39m
    [35mattempt[39m: 1
    [35mmaxAttempts[39m: 3
    [35mdelayMs[39m: 2000
[01:03:08] [33mWARN[39m: [36mTelegram message sending failed, retrying...[39m
    [35mattempt[39m: 2
    [35mmaxAttempts[39m: 3
    [35mdelayMs[39m: 4000
[01:03:12] [31mERROR[39m: [36mFailed to send YouTube publish notification[39m
    [35mvideoId[39m: "v"
    error: "err str"
[01:03:12] [32mINFO[39m: [36mSent YouTube rate-limit alert to Telegram[39m
    [35mchannelName[39m: "Test Channel"
    [35mreason[39m: "daily-cap"
[01:03:12] [32mINFO[39m: [36mSent YouTube rate-limit alert to Telegram[39m
    [35mchannelName[39m: "Test Channel"
    [35mreason[39m: "daily-cap"
[01:03:12] [32mINFO[39m: [36mSent YouTube rate-limit alert to Telegram[39m
    [35mchannelName[39m: "Canal"
[01:03:12] [32mINFO[39m: [36mSent YouTube rate-limit alert to Telegram[39m
    [35mchannelName[39m: "Canal"
[01:03:12] [32mINFO[39m: [36mSent YouTube rate-limit alert to Telegram[39m
    [35mchannelName[39m: "Canal"
[01:03:12] [32mINFO[39m: [36mSent YouTube rate-limit alert to Telegram[39m
    [35mchannelName[39m: "Canal"
[01:03:12] [33mWARN[39m: [36mTelegram message sending failed, retrying...[39m
    [35mattempt[39m: 1
    [35mmaxAttempts[39m: 3
    [35mdelayMs[39m: 2000
[01:03:14] [33mWARN[39m: [36mTelegram message sending failed, retrying...[39m
    [35mattempt[39m: 2
    [35mmaxAttempts[39m: 3
    [35mdelayMs[39m: 4000
[01:03:18] [31mERROR[39m: [36mFailed to send YouTube rate-limit alert[39m
    error: "Error: Net fail rate limited log"
[01:03:18] [32mINFO[39m: [36mSent to Telegram[39m
    [35mclipId[39m: "vid1"
    [35mmessageId[39m: 111
[01:03:18] [32mINFO[39m: [36mSent to Telegram[39m
    [35mmessageId[39m: 111
[01:03:18] [32mINFO[39m: [36mSent to Telegram[39m
    [35mmessageId[39m: 111
[01:03:18] [32mINFO[39m: [36mSent to Telegram[39m
    [35mclipId[39m: "vid1"
    [35mmessageId[39m: 111
[01:03:18] [32mINFO[39m: [36mSent to Telegram[39m
    [35mclipId[39m: "vid2"
    [35mmessageId[39m: 111
[01:03:18] [32mINFO[39m: [36mSent to Telegram[39m
    [35mclipId[39m: "vid2"
    [35mmessageId[39m: 111
 [32m✓[39m tests/core/telegram.test.ts [2m([22m[2m59 tests[22m[2m)[22m[33m 50133[2mms[22m[39m
     [33m[2m✓[22m[39m should handle error in notifyYoutubePublished gracefully [33m 6008[2mms[22m[39m
     [33m[2m✓[22m[39m should handle error in notifyYoutubeResumed gracefully [33m 6004[2mms[22m[39m
     [33m[2m✓[22m[39m should handle error in sendFullVideoToTelegram gracefully [33m 1003[2mms[22m[39m
     [33m[2m✓[22m[39m should handle error in sendToTelegram gracefully [33m 1003[2mms[22m[39m
     [33m[2m✓[22m[39m should handle error in sendErrorAlert gracefully [33m 6002[2mms[22m[39m
     [33m[2m✓[22m[39m should handle error in sendSummary gracefully [33m 6007[2mms[22m[39m
     [33m[2m✓[22m[39m should handle error with missing message gracefully [33m 6008[2mms[22m[39m
     [33m[2m✓[22m[39m should handle error in notifyYoutubeResumed non error string gracefully [33m 6003[2mms[22m[39m
     [33m[2m✓[22m[39m should handle error in notifyYoutubePublished non error string gracefully [33m 6007[2mms[22m[39m
     [33m[2m✓[22m[39m should cover catch branch in notifyYoutubeRateLimited [33m 6005[2mms[22m[39m
[01:03:18] [32mINFO[39m: [36mSending audio to remote Whisper service[39m
    [35murl[39m: "http://localhost/asr?task=transcribe&language=pt&output=json&word_timestamps=True"
    [35mattempt[39m: 1
    [35mtimeoutMs[39m: 600000
    [35msizeKB[39m: 0
[01:03:18] [32mINFO[39m: [36mSending audio to remote Whisper service[39m
    [35murl[39m: "http://localhost:9000/asr?task=transcribe&language=pt&output=json&word_timestamps=True"
    [35mattempt[39m: 1
    [35mtimeoutMs[39m: 600000
    [35msizeKB[39m: 0
[01:03:18] [32mINFO[39m: [36mSending audio to remote Whisper service[39m
    [35murl[39m: "http://localhost:9000/asr?task=transcribe&language=pt&output=json&word_timestamps=True"
    [35mattempt[39m: 1
    [35mtimeoutMs[39m: 600000
    [35msizeKB[39m: 0
[01:03:18] [31mERROR[39m: [36m[WHISPER FAILED after 1 attempt(s)] [WHISPER HTTP 500] Internal Server Error[39m
    [35mattempt[39m: 1
    [35mwhisperUrl[39m: "http://localhost:9000"
    error: {
      "name": "Error",
      "message": "[WHISPER HTTP 500] Internal Server Error",
      "stack":
          Error: [WHISPER HTTP 500] Internal Server Error
              at EventEmitter.<anonymous> (/app/src/core/transcriber-api.ts:56:90)
              at EventEmitter.emit (node:events:519:28)
              at Timeout._onTimeout (/app/tests/core/transcriber-api.test.ts:121:15)
              at listOnTimeout (node:internal/timers:585:17)
              at processTimers (node:internal/timers:521:7)
    }
[01:03:18] [32mINFO[39m: [36mSending audio to remote Whisper service[39m
    [35murl[39m: "http://localhost:9000/asr?task=transcribe&language=pt&output=json&word_timestamps=True"
    [35mattempt[39m: 1
    [35mtimeoutMs[39m: 600000
    [35msizeKB[39m: 0
[01:03:18] [31mERROR[39m: [36m[WHISPER FAILED after 1 attempt(s)] [WHISPER HTTP undefined] Internal Server Error[39m
    [35mattempt[39m: 1
    [35mwhisperUrl[39m: "http://localhost:9000"
    error: {
      "name": "Error",
      "message": "[WHISPER HTTP undefined] Internal Server Error",
      "stack":
          Error: [WHISPER HTTP undefined] Internal Server Error
              at EventEmitter.<anonymous> (/app/src/core/transcriber-api.ts:56:90)
              at EventEmitter.emit (node:events:519:28)
              at Timeout._onTimeout (/app/tests/core/transcriber-api.test.ts:139:15)
              at listOnTimeout (node:internal/timers:585:17)
              at processTimers (node:internal/timers:521:7)
    }
[01:03:18] [32mINFO[39m: [36mSending audio to remote Whisper service[39m
    [35murl[39m: "http://localhost:9000/asr?task=transcribe&language=pt&output=json&word_timestamps=True"
    [35mattempt[39m: 1
    [35mtimeoutMs[39m: 600000
    [35msizeKB[39m: 0
[01:03:18] [31mERROR[39m: [36m[WHISPER FAILED after 1 attempt(s)] Invalid JSON from Whisper: Invalid json {[39m
    [35mattempt[39m: 1
    [35mwhisperUrl[39m: "http://localhost:9000"
    error: {
      "name": "Error",
      "message": "Invalid JSON from Whisper: Invalid json {",
      "stack":
          Error: Invalid JSON from Whisper: Invalid json {
              at EventEmitter.<anonymous> (/app/src/core/transcriber-api.ts:57:70)
              at EventEmitter.emit (node:events:519:28)
              at Timeout._onTimeout (/app/tests/core/transcriber-api.test.ts:158:15)
              at listOnTimeout (node:internal/timers:585:17)
              at processTimers (node:internal/timers:521:7)
    }
[01:03:18] [32mINFO[39m: [36mSending audio to remote Whisper service[39m
    [35murl[39m: "http://localhost:9000/asr?task=transcribe&language=pt&output=json&word_timestamps=True"
    [35mattempt[39m: 1
    [35mtimeoutMs[39m: 600000
    [35msizeKB[39m: 0
[01:03:18] [33mWARN[39m: [36mRemote Whisper request failed, retrying[39m
    [35mattempt[39m: 1
    [35mnextRetryIn[39m: 5000
    error: {
      "name": "Error",
      "message": "fetch failed",
      "stack":
          Error: fetch failed
              at Timeout._onTimeout (/app/tests/core/transcriber-api.test.ts:174:44)
              at listOnTimeout (node:internal/timers:585:17)
              at processTimers (node:internal/timers:521:7)
    }
[01:03:23] [32mINFO[39m: [36mSending audio to remote Whisper service[39m
    [35murl[39m: "http://localhost:9000/asr?task=transcribe&language=pt&output=json&word_timestamps=True"
    [35mattempt[39m: 2
    [35mtimeoutMs[39m: 600000
    [35msizeKB[39m: 0
[01:03:23] [33mWARN[39m: [36mRemote Whisper request failed, retrying[39m
    [35mattempt[39m: 2
    [35mnextRetryIn[39m: 10000
    error: {
      "name": "Error",
      "message": "fetch failed",
      "stack":
          Error: fetch failed
              at Timeout._onTimeout (/app/tests/core/transcriber-api.test.ts:174:44)
              at listOnTimeout (node:internal/timers:585:17)
              at processTimers (node:internal/timers:521:7)
    }
[01:03:33] [32mINFO[39m: [36mSending audio to remote Whisper service[39m
    [35murl[39m: "http://localhost:9000/asr?task=transcribe&language=pt&output=json&word_timestamps=True"
    [35mattempt[39m: 3
    [35mtimeoutMs[39m: 600000
    [35msizeKB[39m: 0
[01:03:33] [31mERROR[39m: [36m[WHISPER FAILED after 3 attempt(s)] fetch failed[39m
    [35mattempt[39m: 3
    [35mwhisperUrl[39m: "http://localhost:9000"
    error: {
      "name": "Error",
      "message": "fetch failed",
      "stack":
          Error: fetch failed
              at Timeout._onTimeout (/app/tests/core/transcriber-api.test.ts:174:44)
              at listOnTimeout (node:internal/timers:585:17)
              at processTimers (node:internal/timers:521:7)
    }
[01:03:33] [32mINFO[39m: [36mSending audio to remote Whisper service[39m
    [35murl[39m: "http://localhost:9000/asr?task=transcribe&language=pt&output=json&word_timestamps=True"
    [35mattempt[39m: 1
    [35mtimeoutMs[39m: 600000
    [35msizeKB[39m: 0
[01:03:33] [31mERROR[39m: [36m[WHISPER FAILED after 1 attempt(s)] string failure[39m
    [35mattempt[39m: 1
    [35mwhisperUrl[39m: "http://localhost:9000"
    error: {
      "message": "string failure"
    }
[01:03:33] [32mINFO[39m: [36mSending audio to remote Whisper service[39m
    [35murl[39m: "http://localhost:9000/asr?task=transcribe&language=pt&output=json&word_timestamps=True"
    [35mattempt[39m: 1
    [35mtimeoutMs[39m: 600000
    [35msizeKB[39m: 0
[01:03:33] [31mERROR[39m: [36m[WHISPER UNREACHABLE] WHISPER_DNS_ERROR: Cannot resolve hostname in http://localhost:9000
Check that WHISPER_BASE_URL="http://localhost:9000" is correct and service is running.[39m
    [35mattempt[39m: 1
    [35mwhisperUrl[39m: "http://localhost:9000"
    [35mhint[39m: "Verify whisper service is running in cluster or locally"
    error: {
      "name": "Error",
      "message": "WHISPER_DNS_ERROR: Cannot resolve hostname in http://localhost:9000",
      "stack":
          Error: WHISPER_DNS_ERROR: Cannot resolve hostname in http://localhost:9000
              at EventEmitter.<anonymous> (/app/src/core/transcriber-api.ts:64:85)
              at EventEmitter.emit (node:events:519:28)
              at Timeout._onTimeout (/app/tests/core/transcriber-api.test.ts:201:30)
              at listOnTimeout (node:internal/timers:585:17)
              at processTimers (node:internal/timers:521:7)
    }
[01:03:33] [32mINFO[39m: [36mSending audio to remote Whisper service[39m
    [35murl[39m: "http://localhost:9000/asr?task=transcribe&language=pt&output=json&word_timestamps=True"
    [35mattempt[39m: 1
    [35mtimeoutMs[39m: 600000
    [35msizeKB[39m: 0
[01:03:33] [31mERROR[39m: [36m[WHISPER UNREACHABLE] WHISPER_UNREACHABLE: Cannot connect to http://localhost:9000 — service not running or wrong address
Check that WHISPER_BASE_URL="http://localhost:9000" is correct and service is running.[39m
    [35mattempt[39m: 1
    [35mwhisperUrl[39m: "http://localhost:9000"
    [35mhint[39m: "Verify whisper service is running in cluster or locally"
    error: {
      "name": "Error",
      "message": "WHISPER_UNREACHABLE: Cannot connect to http://localhost:9000 — service not running or wrong address",
      "stack":
          Error: WHISPER_UNREACHABLE: Cannot connect to http://localhost:9000 — service not running or wrong address
              at EventEmitter.<anonymous> (/app/src/core/transcriber-api.ts:63:52)
              at EventEmitter.emit (node:events:519:28)
              at Timeout._onTimeout (/app/tests/core/transcriber-api.test.ts:214:30)
              at listOnTimeout (node:internal/timers:585:17)
              at processTimers (node:internal/timers:521:7)
    }
[01:03:33] [32mINFO[39m: [36mSending audio to remote Whisper service[39m
    [35murl[39m: "http://localhost:9000/asr?task=transcribe&language=pt&output=json&word_timestamps=True"
    [35mattempt[39m: 1
    [35mtimeoutMs[39m: 600000
    [35msizeKB[39m: 0
[01:03:33] [31mERROR[39m: [36m[WHISPER FAILED after 1 attempt(s)] WHISPER_TIMEOUT: request exceeded 600s[39m
    [35mattempt[39m: 1
    [35mwhisperUrl[39m: "http://localhost:9000"
    error: {
      "name": "Error",
      "message": "WHISPER_TIMEOUT: request exceeded 600s",
      "stack":
          Error: WHISPER_TIMEOUT: request exceeded 600s
              at EventEmitter.<anonymous> (/app/src/core/transcriber-api.ts:60:47)
              at EventEmitter.emit (node:events:519:28)
              at Timeout._onTimeout (/app/tests/core/transcriber-api.test.ts:229:34)
              at listOnTimeout (node:internal/timers:585:17)
              at processTimers (node:internal/timers:521:7)
    }
 [32m✓[39m tests/core/transcriber-api.test.ts [2m([22m[2m14 tests[22m[2m)[22m[33m 15177[2mms[22m[39m
       [33m[2m✓[22m[39m retries on fetch failed and eventually fails [33m 15045[2mms[22m[39m
[01:03:34] [32mINFO[39m: [36m💬 Comentário com link original adicionado ao vídeo[39m
    [35mvideoId[39m: "videoId123"
[01:03:34] [33mWARN[39m: [36mToken do YouTube inválido - pulando comentário[39m
    error: "bad token"
[01:03:34] [33mWARN[39m: [36mFailed to post YouTube comment, retrying...[39m
    [35mattempt[39m: 1
    [35mmaxAttempts[39m: 3
    [35mdelayMs[39m: 2000
[01:03:36] [33mWARN[39m: [36mFailed to post YouTube comment, retrying...[39m
    [35mattempt[39m: 2
    [35mmaxAttempts[39m: 3
    [35mdelayMs[39m: 4000
[01:03:40] [31mERROR[39m: [36m❌ Falha ao adicionar comentário no YouTube[39m
    [35mvideoId[39m: "videoId123"
    error: "YouTube API Error"
 [32m✓[39m tests/core/youtube-comment.service.test.ts [2m([22m[2m7 tests[22m[2m)[22m[33m 6020[2mms[22m[39m
       [33m[2m✓[22m[39m should log and handle errors from youtube api without throwing (withRetry) [33m 6008[2mms[22m[39m
[01:03:40] [32mINFO[39m: [36mStarting faster-whisper transcription[39m
    [35mvideoId[39m: "vid1"
    [35mtitle[39m: "Title"
    [35mbaseUrl[39m: "http://whisper.ai.svc.cluster.local:9000"
[01:03:40] [32mINFO[39m: [36mSending audio to remote Whisper service[39m
    [35murl[39m: "http://whisper.ai.svc.cluster.local:9000/asr?task=transcribe&language=pt&output=json&word_timestamps=True"
    [35mattempt[39m: 1
    [35mtimeoutMs[39m: 600000
    [35msizeKB[39m: 0
[01:03:40] [32mINFO[39m: [36mFaster-whisper transcription complete[39m
    [35mvideoId[39m: "vid1"
    [35msegmentCount[39m: 2
    [35mwordCount[39m: 2
    [35mlanguage[39m: "pt"
[01:03:40] [32mINFO[39m: [36mStarting faster-whisper transcription[39m
    [35mvideoId[39m: "vid1"
    [35mtitle[39m: "Title"
    [35mbaseUrl[39m: "http://whisper.ai.svc.cluster.local:9000"
[01:03:40] [32mINFO[39m: [36mSending audio to remote Whisper service[39m
    [35murl[39m: "http://whisper.ai.svc.cluster.local:9000/asr?task=transcribe&language=pt&output=json&word_timestamps=True"
    [35mattempt[39m: 1
    [35mtimeoutMs[39m: 600000
    [35msizeKB[39m: 0
[01:03:40] [33mWARN[39m: [36mRemote Whisper request failed, retrying[39m
    [35mattempt[39m: 1
    [35mnextRetryIn[39m: 5000
    error: {
      "name": "TimeoutError",
      "message": "fetch failed",
      "stack":
          TimeoutError: fetch failed
              at EventEmitter.<anonymous> (/app/tests/core/transcriber.test.ts:84:43)
              at EventEmitter.Mock [as end] (file:///app/node_modules/@vitest/spy/dist/index.js:285:34)
              at raw (/app/src/core/transcriber-api.ts:68:13)
              at new Promise (<anonymous>)
              at transcribeRemote (/app/src/core/transcriber-api.ts:49:25)
              at Module.transcribeVideo (/app/src/core/transcriber.ts:33:17)
              at /app/tests/core/transcriber.test.ts:102:11
              at file:///app/node_modules/@vitest/runner/dist/index.js:145:11
              at file:///app/node_modules/@vitest/runner/dist/index.js:915:26
              at file:///app/node_modules/@vitest/runner/dist/index.js:1243:20
    }
[01:03:45] [32mINFO[39m: [36mSending audio to remote Whisper service[39m
    [35murl[39m: "http://whisper.ai.svc.cluster.local:9000/asr?task=transcribe&language=pt&output=json&word_timestamps=True"
    [35mattempt[39m: 2
    [35mtimeoutMs[39m: 600000
    [35msizeKB[39m: 0
[01:03:45] [32mINFO[39m: [36mFaster-whisper transcription complete[39m
    [35mvideoId[39m: "vid1"
    [35msegmentCount[39m: 0
    [35mwordCount[39m: 0
[01:03:45] [32mINFO[39m: [36mStarting faster-whisper transcription[39m
    [35mvideoId[39m: "vid1"
    [35mtitle[39m: "Title"
    [35mbaseUrl[39m: "http://whisper.ai.svc.cluster.local:9000"
[01:03:45] [32mINFO[39m: [36mSending audio to remote Whisper service[39m
    [35murl[39m: "http://whisper.ai.svc.cluster.local:9000/asr?task=transcribe&language=pt&output=json&word_timestamps=True"
    [35mattempt[39m: 1
    [35mtimeoutMs[39m: 600000
    [35msizeKB[39m: 0
[01:03:45] [32mINFO[39m: [36mFaster-whisper transcription complete[39m
    [35mvideoId[39m: "vid1"
    [35msegmentCount[39m: 0
    [35mwordCount[39m: 0
[01:03:45] [32mINFO[39m: [36mStarting faster-whisper transcription[39m
    [35mvideoId[39m: "vid1"
    [35mtitle[39m: "Title"
    [35mbaseUrl[39m: "http://whisper.ai.svc.cluster.local:9000"
[01:03:45] [32mINFO[39m: [36mAudio too long — splitting into chunks[39m
    [35mvideoId[39m: "vid1"
    [35mdurationSec[39m: 300
    [35mchunkDurationSec[39m: 120
    [35mchunkCount[39m: 3
[01:03:45] [32mINFO[39m: [36mTranscribing audio chunk[39m
    [35mvideoId[39m: "vid1"
    [35mchunk[39m: 1
    [35mof[39m: 2
    [35moffsetSec[39m: 0
[01:03:45] [32mINFO[39m: [36mSending audio to remote Whisper service[39m
    [35murl[39m: "http://whisper.ai.svc.cluster.local:9000/asr?task=transcribe&language=pt&output=json&word_timestamps=True"
    [35mattempt[39m: 1
    [35mtimeoutMs[39m: 600000
    [35msizeKB[39m: 0
[01:03:45] [32mINFO[39m: [36mTranscribing audio chunk[39m
    [35mvideoId[39m: "vid1"
    [35mchunk[39m: 2
    [35mof[39m: 2
    [35moffsetSec[39m: 120
[01:03:45] [32mINFO[39m: [36mSending audio to remote Whisper service[39m
    [35murl[39m: "http://whisper.ai.svc.cluster.local:9000/asr?task=transcribe&language=pt&output=json&word_timestamps=True"
    [35mattempt[39m: 1
    [35mtimeoutMs[39m: 600000
    [35msizeKB[39m: 0
[01:03:45] [32mINFO[39m: [36mFaster-whisper transcription complete[39m
    [35mvideoId[39m: "vid1"
    [35msegmentCount[39m: 2
    [35mwordCount[39m: 0
    [35mlanguage[39m: "pt"
[01:03:45] [32mINFO[39m: [36mStarting faster-whisper transcription[39m
    [35mvideoId[39m: "vid1"
    [35mtitle[39m: "Title"
    [35mbaseUrl[39m: "http://whisper.ai.svc.cluster.local:9000"
[01:03:45] [32mINFO[39m: [36mAudio too long — splitting into chunks[39m
    [35mvideoId[39m: "vid1"
    [35mdurationSec[39m: 300
    [35mchunkDurationSec[39m: 120
    [35mchunkCount[39m: 3
[01:03:45] [32mINFO[39m: [36mTranscribing audio chunk[39m
    [35mvideoId[39m: "vid1"
    [35mchunk[39m: 1
    [35mof[39m: 2
    [35moffsetSec[39m: 0
[01:03:45] [32mINFO[39m: [36mTranscribing audio chunk[39m
    [35mvideoId[39m: "vid1"
    [35mchunk[39m: 2
    [35mof[39m: 2
    [35moffsetSec[39m: 120
[01:03:45] [32mINFO[39m: [36mFaster-whisper transcription complete[39m
    [35mvideoId[39m: "vid1"
    [35msegmentCount[39m: 0
    [35mwordCount[39m: 0
    [35mlanguage[39m: "pt"
[01:03:45] [32mINFO[39m: [36mStarting faster-whisper transcription[39m
    [35mvideoId[39m: "vid1"
    [35mtitle[39m: "Title"
    [35mbaseUrl[39m: "http://whisper.ai.svc.cluster.local:9000"
[01:03:45] [32mINFO[39m: [36mAudio too long — splitting into chunks[39m
    [35mvideoId[39m: "vid1"
    [35mdurationSec[39m: 300
    [35mchunkDurationSec[39m: 120
    [35mchunkCount[39m: 3
[01:03:45] [32mINFO[39m: [36mTranscribing audio chunk[39m
    [35mvideoId[39m: "vid1"
    [35mchunk[39m: 1
    [35mof[39m: 2
    [35moffsetSec[39m: 0
[01:03:45] [32mINFO[39m: [36mTranscribing audio chunk[39m
    [35mvideoId[39m: "vid1"
    [35mchunk[39m: 2
    [35mof[39m: 2
    [35moffsetSec[39m: 120
[01:03:45] [32mINFO[39m: [36mFaster-whisper transcription complete[39m
    [35mvideoId[39m: "vid1"
    [35msegmentCount[39m: 0
    [35mwordCount[39m: 0
    [35mlanguage[39m: "pt"
[01:03:45] [32mINFO[39m: [36mStarting faster-whisper transcription[39m
    [35mvideoId[39m: "vid1"
    [35mtitle[39m: "Title"
    [35mbaseUrl[39m: "http://whisper.ai.svc.cluster.local:9000"
[01:03:45] [32mINFO[39m: [36mSending audio to remote Whisper service[39m
    [35murl[39m: "http://whisper.ai.svc.cluster.local:9000/asr?task=transcribe&language=pt&output=json&word_timestamps=True"
    [35mattempt[39m: 1
    [35mtimeoutMs[39m: 600000
    [35msizeKB[39m: 0
[01:03:45] [32mINFO[39m: [36mFaster-whisper transcription complete[39m
    [35mvideoId[39m: "vid1"
    [35msegmentCount[39m: 1
    [35mwordCount[39m: 1
    [35mlanguage[39m: "en"
 [32m✓[39m tests/core/transcriber.test.ts [2m([22m[2m5 tests[22m[2m)[22m[33m 5038[2mms[22m[39m
     [33m[2m✓[22m[39m shouldRetryRemoteWhisper handles various errors [33m 5015[2mms[22m[39m
(node:46020) [DEP0040] DeprecationWarning: The `punycode` module is deprecated. Please use a userland alternative instead.
(Use `node --trace-deprecation ...` to show where the warning was created)
 [32m✓[39m tests/server/index-error.test.ts [2m([22m[2m8 tests[22m[2m)[22m[33m 2942[2mms[22m[39m
         [33m[2m✓[22m[39m throws "Invalid PORT value: abc" before starting the server [33m 2780[2mms[22m[39m
(node:46032) [DEP0040] DeprecationWarning: The `punycode` module is deprecated. Please use a userland alternative instead.
(Use `node --trace-deprecation ...` to show where the warning was created)
 [32m✓[39m tests/server/index.test.ts [2m([22m[2m18 tests[22m[2m)[22m[33m 2030[2mms[22m[39m
     [33m[2m✓[22m[39m should start the server when startServer is called [33m 1670[2mms[22m[39m
[01:03:51] [32mINFO[39m: [36mChannel updated[39m
    [35madminId[39m: "system"
    [35mchannelId[39m: "test"
    [35maction[39m: "run"
[01:03:51] [32mINFO[39m: [36mChannel updated[39m
    [35madminId[39m: "system"
    [35mchannelId[39m: "test"
    [35maction[39m: "run"
[01:03:51] [32mINFO[39m: [36mChannel updated[39m
    [35madminId[39m: "system"
    [35mchannelId[39m: "test"
    [35maction[39m: "run"
[01:03:51] [32mINFO[39m: [36mChannel updated[39m
    [35madminId[39m: "system"
    [35mchannelId[39m: "test"
    [35maction[39m: "run"
[01:03:51] [32mINFO[39m: [36mChannel updated[39m
    [35madminId[39m: "system"
    [35mchannelId[39m: "test"
    [35maction[39m: "run"
[01:03:51] [32mINFO[39m: [36mChannel updated[39m
    [35madminId[39m: "system"
    [35mchannelId[39m: "test"
    [35maction[39m: "run"
[01:03:51] [32mINFO[39m: [36mChannel updated[39m
    [35madminId[39m: "system"
    [35mchannelId[39m: "test"
    [35maction[39m: "run"
[01:03:51] [32mINFO[39m: [36mChannel updated[39m
    [35madminId[39m: "system"
    [35mchannelId[39m: "test"
    [35maction[39m: "run"
 [32m✓[39m tests/server/admin-run-routes.test.ts [2m([22m[2m14 tests[22m[2m)[22m[32m 155[2mms[22m[39m
(node:46057) [DEP0040] DeprecationWarning: The `punycode` module is deprecated. Please use a userland alternative instead.
(Use `node --trace-deprecation ...` to show where the warning was created)
[01:03:53] [33mWARN[39m: [36mTranscrição analisada, mas a IA considerou que não há trechos interessantes ou relevantes. Pulando vídeo.[39m
    [35mvideoId[39m: "vid1"
    [35mvideoTitle[39m: "Test Video"
[01:03:53] [31mERROR[39m: [36mFailed to send generated short[39m
    [35mclipId[39m: "clip1"
    [35mstage[39m: "telegram"
    error: "String Error"
[01:03:53] [33mWARN[39m: [36m⚠️ Limite diário de uploads do YouTube atingido — enviando para a fila[39m
    [35mlimit[39m: 5
    [35mchannelId[39m: "global"
[01:03:53] [31mERROR[39m: [36mFailed to send generated short[39m
    [35mclipId[39m: "clip1"
    [35mstage[39m: "telegram"
    error: {
      "name": "Error",
      "message": "Telegram Fail",
      "stack":
          Error: Telegram Fail
              at /app/tests/core/pipeline-video-processor.test.ts:289:49
              at file:///app/node_modules/@vitest/runner/dist/index.js:145:11
              at file:///app/node_modules/@vitest/runner/dist/index.js:915:26
              at file:///app/node_modules/@vitest/runner/dist/index.js:1243:20
              at new Promise (<anonymous>)
              at runWithTimeout (file:///app/node_modules/@vitest/runner/dist/index.js:1209:10)
              at file:///app/node_modules/@vitest/runner/dist/index.js:1653:37
              at Traces.$ (file:///app/node_modules/vitest/dist/chunks/traces.CCmnQaNT.js:142:27)
              at trace (file:///app/node_modules/vitest/dist/chunks/test.B8ej_ZHS.js:239:21)
              at runTest (file:///app/node_modules/@vitest/runner/dist/index.js:1653:12)
    }
[01:03:53] [32mINFO[39m: [36m🌙 DEFER_UPLOADS ativo — enfileirando no PVC para publicação diurna em vez de subir agora[39m
    [35mclipId[39m: "clip1"
    [35mchannelId[39m: "global"
[01:03:53] [31mERROR[39m: [36mFatal video error[39m
    [35mvideoId[39m: "vid1"
    error: {
      "name": "Error",
      "message": "Fatal",
      "stack":
          Error: Fatal
              at /app/tests/core/pipeline-video-processor.test.ts:365:52
              at file:///app/node_modules/@vitest/runner/dist/index.js:145:11
              at file:///app/node_modules/@vitest/runner/dist/index.js:915:26
              at file:///app/node_modules/@vitest/runner/dist/index.js:1243:20
              at new Promise (<anonymous>)
              at runWithTimeout (file:///app/node_modules/@vitest/runner/dist/index.js:1209:10)
              at file:///app/node_modules/@vitest/runner/dist/index.js:1653:37
              at Traces.$ (file:///app/node_modules/vitest/dist/chunks/traces.CCmnQaNT.js:142:27)
              at trace (file:///app/node_modules/vitest/dist/chunks/test.B8ej_ZHS.js:239:21)
              at runTest (file:///app/node_modules/@vitest/runner/dist/index.js:1653:12)
    }
[01:03:53] [31mERROR[39m: [36mFatal video error[39m
    [35mvideoId[39m: "vid1"
    error: {
      "name": "Error",
      "message": "Fatal",
      "stack":
          Error: Fatal
              at /app/tests/core/pipeline-video-processor.test.ts:373:52
              at file:///app/node_modules/@vitest/runner/dist/index.js:145:11
              at file:///app/node_modules/@vitest/runner/dist/index.js:915:26
              at file:///app/node_modules/@vitest/runner/dist/index.js:1243:20
              at new Promise (<anonymous>)
              at runWithTimeout (file:///app/node_modules/@vitest/runner/dist/index.js:1209:10)
              at file:///app/node_modules/@vitest/runner/dist/index.js:1653:37
              at Traces.$ (file:///app/node_modules/vitest/dist/chunks/traces.CCmnQaNT.js:142:27)
              at trace (file:///app/node_modules/vitest/dist/chunks/test.B8ej_ZHS.js:239:21)
              at runTest (file:///app/node_modules/@vitest/runner/dist/index.js:1653:12)
    }
[01:03:53] [31mERROR[39m: [36mFailed to send generated short[39m
    [35mclipId[39m: "clip1"
    [35mstage[39m: "metadata"
    error: {
      "name": "Error",
      "message": "Fail Meta",
      "stack":
          Error: Fail Meta
              at /app/tests/core/pipeline-video-processor.test.ts:402:58
              at file:///app/node_modules/@vitest/runner/dist/index.js:145:11
              at file:///app/node_modules/@vitest/runner/dist/index.js:915:26
              at file:///app/node_modules/@vitest/runner/dist/index.js:1243:20
              at new Promise (<anonymous>)
              at runWithTimeout (file:///app/node_modules/@vitest/runner/dist/index.js:1209:10)
              at file:///app/node_modules/@vitest/runner/dist/index.js:1653:37
              at Traces.$ (file:///app/node_modules/vitest/dist/chunks/traces.CCmnQaNT.js:142:27)
              at trace (file:///app/node_modules/vitest/dist/chunks/test.B8ej_ZHS.js:239:21)
              at runTest (file:///app/node_modules/@vitest/runner/dist/index.js:1653:12)
    }
[01:03:53] [33mWARN[39m: [36mYouTube upload failed, queueing for retry[39m
    [35mclipId[39m: "clip1"
[01:03:53] [33mWARN[39m: [36mTranscrição analisada, mas a IA considerou que não há trechos interessantes ou relevantes. Pulando vídeo.[39m
    [35mvideoId[39m: "vid1"
    [35mvideoTitle[39m: "Test Video"
 [32m✓[39m tests/core/pipeline-video-processor.test.ts [2m([22m[2m17 tests[22m[2m)[22m[32m 139[2mms[22m[39m
 [32m✓[39m tests/server/youtube-oauth-routes.test.ts [2m([22m[2m12 tests[22m[2m)[22m[32m 66[2mms[22m[39m
(node:46078) [DEP0040] DeprecationWarning: The `punycode` module is deprecated. Please use a userland alternative instead.
(Use `node --trace-deprecation ...` to show where the warning was created)
[01:03:56] [31mERROR[39m: [36mJob failed[39m
    [35mjobId[39m: "test-job-id"
    error: {
      "name": "Error",
      "message": "Pipeline failed",
      "stack":
          Error: Pipeline failed
              at /app/tests/server/routes.test.ts:122:48
              at file:///app/node_modules/@vitest/runner/dist/index.js:145:11
              at file:///app/node_modules/@vitest/runner/dist/index.js:915:26
              at file:///app/node_modules/@vitest/runner/dist/index.js:1243:20
              at new Promise (<anonymous>)
              at runWithTimeout (file:///app/node_modules/@vitest/runner/dist/index.js:1209:10)
              at file:///app/node_modules/@vitest/runner/dist/index.js:1653:37
              at Traces.$ (file:///app/node_modules/vitest/dist/chunks/traces.CCmnQaNT.js:142:27)
              at trace (file:///app/node_modules/vitest/dist/chunks/test.B8ej_ZHS.js:239:21)
              at runTest (file:///app/node_modules/@vitest/runner/dist/index.js:1653:12)
    }
[01:03:56] [31mERROR[39m: [36mJob failed[39m
    [35mjobId[39m: "test-job-id"
    error: "String error"
[01:03:56] [31mERROR[39m: [36mJob failed[39m
    [35mjobId[39m: "test-job-id"
    error: {
      "name": "Error",
      "message": "sync throw",
      "stack":
          Error: sync throw
              at /app/tests/server/routes.test.ts:308:19
              at Mock (file:///app/node_modules/@vitest/spy/dist/index.js:285:34)
              at /app/src/server/routes.ts:60:29
              at /app/src/server/routes.ts:68:3
              at dispatch (file:///app/node_modules/hono/dist/compose.js:22:17)
              at cors2 (file:///app/node_modules/hono/dist/middleware/cors/index.js:76:5)
              at dispatch (file:///app/node_modules/hono/dist/compose.js:22:17)
              at file:///app/node_modules/hono/dist/hono-base.js:306:25
              at /app/tests/server/routes.test.ts:310:21
              at file:///app/node_modules/@vitest/runner/dist/index.js:915:20
    }
[01:03:56] [31mERROR[39m: [36mJob failed[39m
    [35mjobId[39m: "test-job-id"
    error: {
      "name": "Error",
      "message": "Inner pipeline failure",
      "stack":
          Error: Inner pipeline failure
              at /app/tests/server/routes.test.ts:333:46
              at file:///app/node_modules/@vitest/runner/dist/index.js:915:20
    }
[01:03:56] [31mERROR[39m: [36mUnhandled error in job runner[39m
    [35mjobId[39m: "test-job-id"
    error: {
      "name": "Error",
      "message": "failJob error",
      "stack":
          Error: failJob error
              at /app/tests/server/routes.test.ts:335:72
              at file:///app/node_modules/@vitest/runner/dist/index.js:915:20
    }
 [32m✓[39m tests/server/routes.test.ts [2m([22m[2m18 tests[22m[2m)[22m[32m 95[2mms[22m[39m
[01:03:56] [33mWARN[39m: [36mOAuth callback error[39m
    [35madminId[39m: "system"
    error: "denied"
[01:03:56] [33mWARN[39m: [36mOAuth callback missing code or state[39m
    [35madminId[39m: "system"
[01:03:56] [31mERROR[39m: [36mInvalid state parameter[39m
    [35madminId[39m: "system"
    [35mstate[39m: "invalid"
[01:03:56] [33mWARN[39m: [36mNo refresh token received - user may have already granted consent[39m
    [35madminId[39m: "system"
    [35mchannelId[39m: "c1"
    [35maccountId[39m: "a1"
[01:03:56] [33mWARN[39m: [36mFailed to send Telegram notification[39m
    error: {
      "name": "Error",
      "message": "notify fail",
      "stack":
          Error: notify fail
              at /app/tests/server/admin-oauth-routes.test.ts:151:58
              at file:///app/node_modules/@vitest/runner/dist/index.js:145:11
              at file:///app/node_modules/@vitest/runner/dist/index.js:915:26
              at file:///app/node_modules/@vitest/runner/dist/index.js:1243:20
              at new Promise (<anonymous>)
              at runWithTimeout (file:///app/node_modules/@vitest/runner/dist/index.js:1209:10)
              at file:///app/node_modules/@vitest/runner/dist/index.js:1653:37
              at Traces.$ (file:///app/node_modules/vitest/dist/chunks/traces.CCmnQaNT.js:142:27)
              at trace (file:///app/node_modules/vitest/dist/chunks/test.B8ej_ZHS.js:239:21)
              at runTest (file:///app/node_modules/@vitest/runner/dist/index.js:1653:12)
    }
[01:03:56] [31mERROR[39m: [36mFailed to generate YouTube auth URL[39m
    [35madminId[39m: "system"
    [35mchannelId[39m: "test"
    error: {
      "name": "Error",
      "message": "db error",
      "stack":
          Error: db error
              at /app/tests/server/admin-oauth-routes.test.ts:159:53
              at file:///app/node_modules/@vitest/runner/dist/index.js:145:11
              at file:///app/node_modules/@vitest/runner/dist/index.js:915:26
              at file:///app/node_modules/@vitest/runner/dist/index.js:1243:20
              at new Promise (<anonymous>)
              at runWithTimeout (file:///app/node_modules/@vitest/runner/dist/index.js:1209:10)
              at file:///app/node_modules/@vitest/runner/dist/index.js:1653:37
              at Traces.$ (file:///app/node_modules/vitest/dist/chunks/traces.CCmnQaNT.js:142:27)
              at trace (file:///app/node_modules/vitest/dist/chunks/test.B8ej_ZHS.js:239:21)
              at runTest (file:///app/node_modules/@vitest/runner/dist/index.js:1653:12)
    }
[01:03:56] [31mERROR[39m: [36mInvalid state parameter[39m
    [35madminId[39m: "system"
    [35mstate[39m: "e2ludmFsaWQganNvbn0"
[01:03:56] [31mERROR[39m: [36mOAuth callback failed[39m
    [35madminId[39m: "system"
    error: "string error"
[01:03:56] [31mERROR[39m: [36mOAuth callback failed[39m
    [35madminId[39m: "system"
    error: {
      "name": "Error",
      "message": "object error",
      "stack":
          Error: object error
              at /app/tests/server/admin-oauth-routes.test.ts:203:53
              at file:///app/node_modules/@vitest/runner/dist/index.js:145:11
              at file:///app/node_modules/@vitest/runner/dist/index.js:915:26
              at file:///app/node_modules/@vitest/runner/dist/index.js:1243:20
              at new Promise (<anonymous>)
              at runWithTimeout (file:///app/node_modules/@vitest/runner/dist/index.js:1209:10)
              at file:///app/node_modules/@vitest/runner/dist/index.js:1653:37
              at Traces.$ (file:///app/node_modules/vitest/dist/chunks/traces.CCmnQaNT.js:142:27)
              at trace (file:///app/node_modules/vitest/dist/chunks/test.B8ej_ZHS.js:239:21)
              at runTest (file:///app/node_modules/@vitest/runner/dist/index.js:1653:12)
    }
 [32m✓[39m tests/server/admin-oauth-routes.test.ts [2m([22m[2m17 tests[22m[2m)[22m[32m 88[2mms[22m[39m
[01:03:57] [33mWARN[39m: [36mAdmin mutation failed[39m
    [35mchannelId[39m: "test"
    [35maction[39m: "save"
[01:03:57] [32mINFO[39m: [36mChannel updated[39m
    [35madminId[39m: "system"
    [35mchannelId[39m: "test"
    [35maction[39m: "create"
[01:03:57] [32mINFO[39m: [36mChannel updated[39m
    [35madminId[39m: "system"
    [35mchannelId[39m: "test"
    [35maction[39m: "update"
[01:03:57] [32mINFO[39m: [36mChannel updated[39m
    [35madminId[39m: "system"
    [35mchannelId[39m: "test"
    [35maction[39m: "delete"
[01:03:57] [33mWARN[39m: [36mChannel connection test failed[39m
    [35madminId[39m: "system"
    [35mchannelId[39m: "test"
    [35mprovider[39m: "youtube"
    error: {
      "name": "Error",
      "message": "fail",
      "stack":
          Error: fail
              at /app/tests/server/admin-channel-routes.test.ts:183:58
              at file:///app/node_modules/@vitest/runner/dist/index.js:145:11
              at file:///app/node_modules/@vitest/runner/dist/index.js:915:26
              at file:///app/node_modules/@vitest/runner/dist/index.js:1243:20
              at new Promise (<anonymous>)
              at runWithTimeout (file:///app/node_modules/@vitest/runner/dist/index.js:1209:10)
              at file:///app/node_modules/@vitest/runner/dist/index.js:1653:37
              at Traces.$ (file:///app/node_modules/vitest/dist/chunks/traces.CCmnQaNT.js:142:27)
              at trace (file:///app/node_modules/vitest/dist/chunks/test.B8ej_ZHS.js:239:21)
              at runTest (file:///app/node_modules/@vitest/runner/dist/index.js:1653:12)
    }
[01:03:57] [33mWARN[39m: [36mChannel connection test failed[39m
    [35madminId[39m: "system"
    [35mchannelId[39m: "test"
    [35mprovider[39m: "youtube"
    error: {
      "name": "Error",
      "message": "token error",
      "stack":
          Error: token error
              at new <anonymous> (/app/tests/server/admin-channel-routes.test.ts:197:51)
              at new Mock (file:///app/node_modules/@vitest/spy/dist/index.js:262:27)
              at Array.<anonymous> (/app/src/server/admin-channel-routes.ts:92:28)
              at processTicksAndRejections (node:internal/process/task_queues:103:5)
              at /app/tests/server/admin-channel-routes.test.ts:201:17
              at file:///app/node_modules/@vitest/runner/dist/index.js:915:20
    }
 [32m✓[39m tests/server/admin-channel-routes.test.ts [2m([22m[2m12 tests[22m[2m)[22m[32m 76[2mms[22m[39m
[01:03:57] [33mWARN[39m: [36mNo channels configured for top video pipeline[39m
 [32m✓[39m tests/core/pipeline.test.ts [2m([22m[2m51 tests[22m[2m)[22m[32m 59[2mms[22m[39m
[01:03:57] [32mINFO[39m: [36mSelected random channel for top video pipeline[39m
    [35mchannel[39m: "channel1"
[01:03:57] [33mWARN[39m: [36mNo valid unposted top video found for this channel.[39m
[01:03:57] [32mINFO[39m: [36mSelected random channel for top video pipeline[39m
    [35mchannel[39m: "channel1"
[01:03:57] [32mINFO[39m: [36mSelected random channel for top video pipeline[39m
    [35mchannel[39m: "channel1"
[01:03:57] [31mERROR[39m: [36mFailed to process full top video[39m
    [35mvideoId[39m: "vid1"
    error: {
      "name": "Error",
      "message": "dl err",
      "stack":
          Error: dl err
              at /app/tests/core/pipeline.test.ts:193:62
              at file:///app/node_modules/@vitest/runner/dist/index.js:145:11
              at file:///app/node_modules/@vitest/runner/dist/index.js:915:26
              at file:///app/node_modules/@vitest/runner/dist/index.js:1243:20
              at new Promise (<anonymous>)
              at runWithTimeout (file:///app/node_modules/@vitest/runner/dist/index.js:1209:10)
              at file:///app/node_modules/@vitest/runner/dist/index.js:1653:37
              at Traces.$ (file:///app/node_modules/vitest/dist/chunks/traces.CCmnQaNT.js:142:27)
              at trace (file:///app/node_modules/vitest/dist/chunks/test.B8ej_ZHS.js:239:21)
              at runTest (file:///app/node_modules/@vitest/runner/dist/index.js:1653:12)
    }
[01:03:57] [32mINFO[39m: [36mSelected random channel for top video pipeline[39m
    [35mchannel[39m: "channel1"
[01:03:57] [31mERROR[39m: [36mFailed to process full top video[39m
    [35mvideoId[39m: "vid1"
    error: "str err"
[01:03:57] [32mINFO[39m: [36mSelected random channel for top video pipeline[39m
    [35mchannel[39m: "channel1"
[01:03:57] [33mWARN[39m: [36mNo valid unposted top video found for this channel.[39m
[01:03:57] [32mINFO[39m: [36mSelected random channel for top video pipeline[39m
    [35mchannel[39m: "channel1"
[01:03:57] [33mWARN[39m: [36mNo valid unposted top video found for this channel.[39m
[01:03:57] [32mINFO[39m: [36mPipeline starting[39m
    [35mchannels[39m: []
    [35murls[39m: [
      "url1"
    ]
    [35mvideoQuery[39m: "none"
[01:03:57] [33mWARN[39m: [36mNo videos found to process[39m
[01:03:57] [32mINFO[39m: [36mPipeline starting[39m
    [35mchannels[39m: []
    [35murls[39m: [
      "url1"
    ]
    [35mvideoQuery[39m: "none"
[01:03:57] [33mWARN[39m: [36mNo videos found to process[39m
[01:03:57] [32mINFO[39m: [36mPipeline starting[39m
    [35mchannels[39m: [
      "channel1"
    ]
    [35murls[39m: [
      "url1"
    ]
    [35mvideoQuery[39m: "none"
[01:03:57] [32mINFO[39m: [36mStarting pipeline[39m
    [35mvideoCount[39m: 2
[01:03:57] [32mINFO[39m: [36mPipeline completed[39m
    [35mshortsCount[39m: 2
[01:03:57] [32mINFO[39m: [36mPipeline starting[39m
    [35mchannels[39m: [
      "channel1"
    ]
    [35murls[39m: [
      "url1"
    ]
    [35mvideoQuery[39m: "none"
[01:03:57] [32mINFO[39m: [36mStarting pipeline[39m
    [35mvideoCount[39m: 2
[01:03:57] [32mINFO[39m: [36mPipeline completed[39m
    [35mshortsCount[39m: 2
[01:03:57] [32mINFO[39m: [36mPipeline starting[39m
    [35mchannels[39m: [
      "channel1"
    ]
    [35murls[39m: [
      "url1"
    ]
    [35mvideoQuery[39m: "none"
[01:03:57] [32mINFO[39m: [36mStarting pipeline[39m
    [35mvideoCount[39m: 2
[01:03:57] [32mINFO[39m: [36mPipeline completed[39m
    [35mshortsCount[39m: 2
[01:03:57] [32mINFO[39m: [36m🌙 DEFER_UPLOADS ativo — enfileirando no PVC para publicação diurna em vez de subir agora[39m
    [35mclipId[39m: "clip1"
    [35mchannelId[39m: "global"
[01:03:57] [33mWARN[39m: [36m⚠️ Limite diário de uploads do YouTube atingido — enviando para a fila[39m
    [35mchannelId[39m: "global"
[01:03:57] [33mWARN[39m: [36mYouTube upload failed, queueing for retry[39m
    [35mclipId[39m: "clip1"
[01:03:57] [33mWARN[39m: [36mTranscrição analisada, mas a IA considerou que não há trechos interessantes ou relevantes. Pulando vídeo.[39m
    [35mvideoId[39m: "vid1"
    [35mvideoTitle[39m: "Vid"
[01:03:57] [31mERROR[39m: [36mFatal video error[39m
    [35mvideoId[39m: "vid1"
    error: {
      "name": "Error",
      "message": "Transcribe failed",
      "stack":
          Error: Transcribe failed
              at /app/tests/core/pipeline.test.ts:410:62
              at file:///app/node_modules/@vitest/runner/dist/index.js:145:11
              at file:///app/node_modules/@vitest/runner/dist/index.js:915:26
              at file:///app/node_modules/@vitest/runner/dist/index.js:1243:20
              at new Promise (<anonymous>)
              at runWithTimeout (file:///app/node_modules/@vitest/runner/dist/index.js:1209:10)
              at file:///app/node_modules/@vitest/runner/dist/index.js:1653:37
              at Traces.$ (file:///app/node_modules/vitest/dist/chunks/traces.CCmnQaNT.js:142:27)
              at trace (file:///app/node_modules/vitest/dist/chunks/test.B8ej_ZHS.js:239:21)
              at runTest (file:///app/node_modules/@vitest/runner/dist/index.js:1653:12)
    }
[01:03:57] [32mINFO[39m: [36mPipeline starting[39m
    [35mchannels[39m: [
      "channel1"
    ]
    [35murls[39m: [
      "url1"
    ]
    [35mvideoQuery[39m: "none"
[01:03:57] [32mINFO[39m: [36mStarting pipeline[39m
    [35mvideoCount[39m: 2
[01:03:57] [32mINFO[39m: [36mPipeline completed[39m
    [35mshortsCount[39m: 2
[01:03:57] [32mINFO[39m: [36mPipeline starting[39m
    [35mchannels[39m: [
      "channel1"
    ]
    [35murls[39m: [
      "url1"
    ]
    [35mvideoQuery[39m: "none"
[01:03:57] [32mINFO[39m: [36mStarting pipeline[39m
    [35mvideoCount[39m: 1
[01:03:57] [32mINFO[39m: [36mPipeline completed[39m
    [35mshortsCount[39m: 1
[01:03:57] [32mINFO[39m: [36mPipeline starting[39m
    [35mchannels[39m: []
    [35murls[39m: []
    [35mvideoQuery[39m: "none"
[01:03:57] [33mWARN[39m: [36mNo videos found to process[39m
[01:03:57] [32mINFO[39m: [36mPipeline starting[39m
    [35mchannels[39m: []
    [35murls[39m: [
      "url1"
    ]
    [35mvideoQuery[39m: "none"
[01:03:57] [32mINFO[39m: [36mStarting pipeline[39m
    [35mvideoCount[39m: 1
[01:03:57] [32mINFO[39m: [36mPipeline completed[39m
    [35mshortsCount[39m: 2
[01:03:57] [31mERROR[39m: [36mFailed to send generated short[39m
    [35mclipId[39m: "clip1"
    [35mstage[39m: "telegram"
    error: {
      "name": "Error",
      "message": "Telegram failed",
      "stack":
          Error: Telegram failed
              at /app/tests/core/pipeline.test.ts:499:58
              at file:///app/node_modules/@vitest/runner/dist/index.js:145:11
              at file:///app/node_modules/@vitest/runner/dist/index.js:915:26
              at file:///app/node_modules/@vitest/runner/dist/index.js:1243:20
              at new Promise (<anonymous>)
              at runWithTimeout (file:///app/node_modules/@vitest/runner/dist/index.js:1209:10)
              at file:///app/node_modules/@vitest/runner/dist/index.js:1653:37
              at Traces.$ (file:///app/node_modules/vitest/dist/chunks/traces.CCmnQaNT.js:142:27)
              at trace (file:///app/node_modules/vitest/dist/chunks/test.B8ej_ZHS.js:239:21)
              at runTest (file:///app/node_modules/@vitest/runner/dist/index.js:1653:12)
    }
[01:03:57] [32mINFO[39m: [36mPipeline starting[39m
    [35mchannels[39m: []
    [35murls[39m: [
      "url1",
      "url2"
    ]
    [35mvideoQuery[39m: "none"
[01:03:57] [32mINFO[39m: [36mStarting pipeline[39m
    [35mvideoCount[39m: 2
[01:03:57] [32mINFO[39m: [36mTarget de shorts alcançado; finalizando pipeline[39m
    [35mtargetShorts[39m: 1
[01:03:57] [32mINFO[39m: [36mPipeline completed[39m
    [35mshortsCount[39m: 1
[01:03:57] [32mINFO[39m: [36mPipeline starting[39m
    [35mchannels[39m: [
      "channel1"
    ]
    [35murls[39m: []
    [35mvideoQuery[39m: "evangelho"
[01:03:57] [32mINFO[39m: [36mStarting pipeline[39m
    [35mvideoCount[39m: 2
[01:03:57] [32mINFO[39m: [36mPipeline completed[39m
    [35mshortsCount[39m: 2
[01:03:57] [32mINFO[39m: [36mPipeline starting[39m
    [35mchannels[39m: [
      "channel1"
    ]
    [35murls[39m: []
    [35mvideoQuery[39m: "none"
[01:03:57] [32mINFO[39m: [36mStarting pipeline[39m
    [35mvideoCount[39m: 2
[01:03:57] [32mINFO[39m: [36mPipeline completed[39m
    [35mshortsCount[39m: 2
[01:03:57] [32mINFO[39m: [36mPipeline starting[39m
    [35mchannels[39m: []
    [35murls[39m: [
      "url1"
    ]
    [35mvideoQuery[39m: "homilia"
[01:03:57] [32mINFO[39m: [36mStarting pipeline[39m
    [35mvideoCount[39m: 1
[01:03:57] [32mINFO[39m: [36mPipeline completed[39m
    [35mshortsCount[39m: 1
[01:03:57] [32mINFO[39m: [36mPipeline starting[39m
    [35mchannels[39m: []
    [35murls[39m: [
      "url1"
    ]
    [35mvideoQuery[39m: "evangelho"
[01:03:57] [32mINFO[39m: [36mStarting pipeline[39m
    [35mvideoCount[39m: 1
[01:03:57] [32mINFO[39m: [36mPipeline completed[39m
    [35mshortsCount[39m: 1
[01:03:57] [32mINFO[39m: [36mSelected random channel for top video pipeline[39m
    [35mchannel[39m: "channel1"
[01:03:57] [33mWARN[39m: [36mNo valid unposted top video found for this channel.[39m
[01:03:57] [32mINFO[39m: [36mSelected random channel for top video pipeline[39m
    [35mchannel[39m: "channel1"
[01:03:57] [32mINFO[39m: [36mPipeline starting[39m
    [35mchannels[39m: []
    [35murls[39m: [
      "url"
    ]
    [35mvideoQuery[39m: "none"
[01:03:57] [33mWARN[39m: [36mNo videos found to process[39m
[01:03:57] [32mINFO[39m: [36mPipeline starting[39m
    [35mchannels[39m: [
      "channel1"
    ]
    [35murls[39m: []
    [35mvideoQuery[39m: "none"
[01:03:57] [32mINFO[39m: [36mStarting pipeline[39m
    [35mvideoCount[39m: 1
[01:03:57] [32mINFO[39m: [36mPipeline completed[39m
    [35mshortsCount[39m: 1
[01:03:57] [32mINFO[39m: [36mPipeline starting[39m
    [35mchannels[39m: []
    [35murls[39m: [
      "url1",
      "url2"
    ]
    [35mvideoQuery[39m: "none"
[01:03:57] [33mWARN[39m: [36mNo videos found to process[39m
[01:03:57] [32mINFO[39m: [36mPipeline starting[39m
    [35mchannels[39m: []
    [35murls[39m: [
      "url1"
    ]
    [35mvideoQuery[39m: "none"
[01:03:57] [33mWARN[39m: [36mNo videos found to process[39m
[01:03:57] [32mINFO[39m: [36mPipeline starting[39m
    [35mchannels[39m: []
    [35murls[39m: [
      "url1"
    ]
    [35mvideoQuery[39m: "none"
[01:03:57] [33mWARN[39m: [36mNo videos found to process[39m
[01:03:57] [32mINFO[39m: [36mPipeline starting[39m
    [35mchannels[39m: [
      "channel1"
    ]
    [35murls[39m: []
    [35mvideoQuery[39m: "none"
[01:03:57] [33mWARN[39m: [36mNo videos found to process[39m
[01:03:57] [32mINFO[39m: [36mPipeline starting[39m
    [35mchannels[39m: [
      "channel1"
    ]
    [35murls[39m: []
    [35mvideoQuery[39m: "none"
[01:03:57] [33mWARN[39m: [36mNo videos found to process[39m
[01:03:57] [32mINFO[39m: [36mPipeline starting[39m
    [35mchannels[39m: []
    [35murls[39m: [
      "url1"
    ]
    [35mvideoQuery[39m: "none"
[01:03:57] [33mWARN[39m: [36mNo videos found to process[39m
[01:03:57] [32mINFO[39m: [36mPipeline starting[39m
    [35mchannels[39m: []
    [35murls[39m: [
      "url1"
    ]
    [35mvideoQuery[39m: "none"
[01:03:57] [32mINFO[39m: [36mStarting pipeline[39m
    [35mvideoCount[39m: 1
[01:03:57] [32mINFO[39m: [36mPipeline completed[39m
    [35mshortsCount[39m: 1
[01:03:57] [32mINFO[39m: [36mPipeline starting[39m
    [35mchannels[39m: [
      "channel1"
    ]
    [35murls[39m: []
    [35mvideoQuery[39m: "none"
[01:03:57] [32mINFO[39m: [36mStarting pipeline[39m
    [35mvideoCount[39m: 1
[01:03:57] [32mINFO[39m: [36mPipeline completed[39m
    [35mshortsCount[39m: 1
[01:03:57] [32mINFO[39m: [36mPipeline starting[39m
    [35mchannels[39m: [
      "channel1"
    ]
    [35murls[39m: []
    [35mvideoQuery[39m: "none"
[01:03:57] [32mINFO[39m: [36mStarting pipeline[39m
    [35mvideoCount[39m: 1
[01:03:57] [32mINFO[39m: [36mPipeline completed[39m
    [35mshortsCount[39m: 0
(node:46129) [DEP0040] DeprecationWarning: The `punycode` module is deprecated. Please use a userland alternative instead.
(Use `node --trace-deprecation ...` to show where the warning was created)
 [32m✓[39m tests/server/job-api-flow.test.ts [2m([22m[2m5 tests[22m[2m)[22m[32m 64[2mms[22m[39m
[01:04:00] [33mWARN[39m: [36mUnauthorized admin request[39m
    [35morigin[39m: "http://localhost:5173"
    [35mpath[39m: "/admin/channels"
[01:04:00] [33mWARN[39m: [36mUnauthorized admin request[39m
    [35morigin[39m: "http://evil.example"
    [35mpath[39m: "/admin/channels"
[01:04:00] [33mWARN[39m: [36mUnauthorized admin request[39m
    [35morigin[39m: "http://localhost:5173"
    [35mpath[39m: "/admin/channels"
[01:04:00] [33mWARN[39m: [36mUnauthorized admin request[39m
    [35morigin[39m: "http://localhost:5173"
    [35mpath[39m: "/admin/test"
[01:04:00] [33mWARN[39m: [36mUnauthorized admin request[39m
    [35mpath[39m: "/admin/channels"
[01:04:00] [33mWARN[39m: [36mUnauthorized admin request[39m
    [35morigin[39m: "http://localhost:5173"
    [35mpath[39m: "/admin/channels"
[01:04:00] [33mWARN[39m: [36mUnauthorized admin request[39m
    [35morigin[39m: ""
    [35mpath[39m: "/admin/channels"
 [32m✓[39m tests/server/auth-middleware.test.ts [2m([22m[2m12 tests[22m[2m)[22m[32m 63[2mms[22m[39m
 [32m✓[39m tests/server/admin-routes.test.ts [2m([22m[2m2 tests[22m[2m)[22m[32m 51[2mms[22m[39m
[01:04:00] [32mINFO[39m: [36mProtected admin routes registered[39m
    [35mallowedOrigins[39m: [
      "*"
    ]
 [32m✓[39m tests/core/youtube-ytdlp.test.ts [2m([22m[2m29 tests[22m[2m)[22m[32m 42[2mms[22m[39m
[01:04:00] [33mWARN[39m: [36mCookie file is suspiciously small, check YOUTUBE_COOKIES_BASE64 helper[39m
    [35msize[39m: 5
[01:04:00] [33mWARN[39m: [36mFailed to delete temp cookie file[39m
    [35mpath[39m: "/app/output/temp/cookies-72fee655.txt"
    err: {
      "type": "Error",
      "message": "delete error",
      "stack":
          Error: delete error
              at Object.<anonymous> (/app/tests/core/youtube-ytdlp.test.ts:209:65)
              at Object.Mock [as unlinkSync] (file:///app/node_modules/@vitest/spy/dist/index.js:285:34)
              at Module.withCookies (/app/src/core/youtube-ytdlp.ts:61:12)
              at processTicksAndRejections (node:internal/process/task_queues:103:5)
              at /app/tests/core/youtube-ytdlp.test.ts:211:19
              at file:///app/node_modules/@vitest/runner/dist/index.js:915:20
    }
[01:04:00] [31mERROR[39m: [36myt-dlp execution failed[39m
    [35margs[39m: [
      "--cookies",
      "[REDACTED_COOKIE_PATH]"
    ]
    [35mstderr[39m: "stderr error related to [REDACTED_COOKIE_FILE]"
    [35mmessage[39m: "Command failed with [REDACTED_COOKIE_FILE]"
[01:04:00] [31mERROR[39m: [36myt-dlp execution failed[39m
    [35margs[39m: [
      "--version"
    ]
    [35mstderr[39m: ""
    [35mmessage[39m: "String error"
 [32m✓[39m tests/core/sqlite-db.test.ts [2m([22m[2m13 tests[22m[2m)[22m[32m 49[2mms[22m[39m
 [32m✓[39m tests/core/queue.test.ts [2m([22m[2m28 tests[22m[2m)[22m[32m 42[2mms[22m[39m
 [32m✓[39m tests/core/quiz/quiz-assets.test.ts [2m([22m[2m33 tests[22m[2m)[22m[32m 30[2mms[22m[39m
 [32m✓[39m tests/core/youtube-reauth.test.ts [2m([22m[2m6 tests[22m[2m)[22m[32m 37[2mms[22m[39m
 [32m✓[39m tests/core/youtube.test.ts [2m([22m[2m17 tests[22m[2m)[22m[32m 37[2mms[22m[39m
[01:04:03] [31mERROR[39m: [36myt-dlp execution failed[39m
    [35margs[39m: [
      "--no-check-certificates",
      "--extractor-args",
      "youtube:player_client=default",
      "--js-runtimes",
      "node",
      "--print",
      "{\"id\":%(id)j,\"title\":%(title)j,\"url\":%(webpage_url)j,\"channel\":%(channel)j,\"channel_url\":%(channel_url)j,\"duration\":%(duration)s,\"upload_date\":%(upload_date)j,\"thumbnail\":%(thumbnail)j,\"live_status\":%(live_status)j,\"categories\":%(categories)j}",
      "--no-warnings",
      "--no-playlist",
      "url"
    ]
    [35mstderr[39m: ""
    [35mmessage[39m: "Fail"
 [32m✓[39m tests/core/control-plane-db.test.ts [2m([22m[2m14 tests[22m[2m)[22m[32m 33[2mms[22m[39m
 [32m✓[39m tests/core/short-renderer.test.ts [2m([22m[2m17 tests[22m[2m)[22m[32m 35[2mms[22m[39m
 [32m✓[39m tests/core/quiz/quiz-pipeline.test.ts [2m([22m[2m26 tests[22m[2m)[22m[32m 33[2mms[22m[39m
 [32m✓[39m tests/core/state.test.ts [2m([22m[2m30 tests[22m[2m)[22m[32m 33[2mms[22m[39m
 [32m✓[39m tests/core/youtube-upload.service.test.ts [2m([22m[2m22 tests[22m[2m)[22m[32m 30[2mms[22m[39m
 [32m✓[39m tests/core/analyzer-generation-branches.test.ts [2m([22m[2m11 tests[22m[2m)[22m[32m 28[2mms[22m[39m
[01:04:07] [32mINFO[39m: [36mStarting professional clip selection[39m
    [35mvideoId[39m: "vid1"
    [35mminCuts[39m: 1
    [35mmaxCuts[39m: 2
    [35mcandidateMax[39m: 4
[01:04:07] [31mERROR[39m: [36mFalha na geração estruturada; tentando fallback[39m
    error: {
      "name": "Error",
      "message": "AI Error",
      "stack":
          Error: AI Error
              at /app/tests/core/analyzer-fallback.test.ts:20:62
              at file:///app/node_modules/@vitest/runner/dist/index.js:145:11
              at file:///app/node_modules/@vitest/runner/dist/index.js:915:26
              at file:///app/node_modules/@vitest/runner/dist/index.js:1243:20
              at new Promise (<anonymous>)
              at runWithTimeout (file:///app/node_modules/@vitest/runner/dist/index.js:1209:10)
              at file:///app/node_modules/@vitest/runner/dist/index.js:1653:37
              at Traces.$ (file:///app/node_modules/vitest/dist/chunks/traces.CCmnQaNT.js:142:27)
              at trace (file:///app/node_modules/vitest/dist/chunks/test.B8ej_ZHS.js:239:21)
              at runTest (file:///app/node_modules/@vitest/runner/dist/index.js:1653:12)
    }
[01:04:07] [31mERROR[39m: [36mFalha no fallback do LLM[39m
    error: {
      "name": "Error",
      "message": "AI Fallback Error",
      "stack":
          Error: AI Fallback Error
              at /app/tests/core/analyzer-fallback.test.ts:21:56
              at file:///app/node_modules/@vitest/runner/dist/index.js:145:11
              at file:///app/node_modules/@vitest/runner/dist/index.js:915:26
              at file:///app/node_modules/@vitest/runner/dist/index.js:1243:20
              at new Promise (<anonymous>)
              at runWithTimeout (file:///app/node_modules/@vitest/runner/dist/index.js:1209:10)
              at file:///app/node_modules/@vitest/runner/dist/index.js:1653:37
              at Traces.$ (file:///app/node_modules/vitest/dist/chunks/traces.CCmnQaNT.js:142:27)
              at trace (file:///app/node_modules/vitest/dist/chunks/test.B8ej_ZHS.js:239:21)
              at runTest (file:///app/node_modules/@vitest/runner/dist/index.js:1653:12)
    }
[01:04:07] [32mINFO[39m: [36mClip quality filters applied[39m
    [35mtotal[39m: 0
    [35mvalid[39m: 0
    [35mselected[39m: 0
[01:04:07] [32mINFO[39m: [36mProfessional clip selection completed[39m
    [35mvideoId[39m: "vid1"
    [35mrawCandidates[39m: 0
    [35mdiscoveredCandidates[39m: 0
    [35muniqueCandidates[39m: 0
    [35mapproved[39m: 0
    [35melapsedSec[39m: "0.0"
[01:04:07] [32mINFO[39m: [36mStarting professional clip selection[39m
    [35mvideoId[39m: "vid1"
    [35mminCuts[39m: 1
    [35mmaxCuts[39m: 2
    [35mcandidateMax[39m: 4
[01:04:07] [31mERROR[39m: [36mFalha na geração estruturada; tentando fallback[39m
    error: {
      "name": "AbortError",
      "message": "aborted",
      "stack":
          AbortError: aborted
              at /app/tests/core/analyzer-fallback.test.ts:27:24
              at file:///app/node_modules/@vitest/runner/dist/index.js:145:11
              at file:///app/node_modules/@vitest/runner/dist/index.js:915:26
              at file:///app/node_modules/@vitest/runner/dist/index.js:1243:20
              at new Promise (<anonymous>)
              at runWithTimeout (file:///app/node_modules/@vitest/runner/dist/index.js:1209:10)
              at file:///app/node_modules/@vitest/runner/dist/index.js:1653:37
              at Traces.$ (file:///app/node_modules/vitest/dist/chunks/traces.CCmnQaNT.js:142:27)
              at trace (file:///app/node_modules/vitest/dist/chunks/test.B8ej_ZHS.js:239:21)
              at runTest (file:///app/node_modules/@vitest/runner/dist/index.js:1653:12)
    }
[01:04:07] [31mERROR[39m: [36mFalha no fallback do LLM[39m
    error: {
      "name": "Error",
      "message": "fallback also failed",
      "stack":
          Error: fallback also failed
              at /app/tests/core/analyzer-fallback.test.ts:30:56
              at file:///app/node_modules/@vitest/runner/dist/index.js:145:11
              at file:///app/node_modules/@vitest/runner/dist/index.js:915:26
              at file:///app/node_modules/@vitest/runner/dist/index.js:1243:20
              at new Promise (<anonymous>)
              at runWithTimeout (file:///app/node_modules/@vitest/runner/dist/index.js:1209:10)
              at file:///app/node_modules/@vitest/runner/dist/index.js:1653:37
              at Traces.$ (file:///app/node_modules/vitest/dist/chunks/traces.CCmnQaNT.js:142:27)
              at trace (file:///app/node_modules/vitest/dist/chunks/test.B8ej_ZHS.js:239:21)
              at runTest (file:///app/node_modules/@vitest/runner/dist/index.js:1653:12)
    }
[01:04:07] [32mINFO[39m: [36mClip quality filters applied[39m
    [35mtotal[39m: 0
    [35mvalid[39m: 0
    [35mselected[39m: 0
[01:04:07] [32mINFO[39m: [36mProfessional clip selection completed[39m
    [35mvideoId[39m: "vid1"
    [35mrawCandidates[39m: 0
    [35mdiscoveredCandidates[39m: 0
    [35muniqueCandidates[39m: 0
    [35mapproved[39m: 0
    [35melapsedSec[39m: "0.0"
[01:04:07] [32mINFO[39m: [36mStarting professional clip selection[39m
    [35mvideoId[39m: "vid1"
    [35mminCuts[39m: 1
    [35mmaxCuts[39m: 2
    [35mcandidateMax[39m: 4
[01:04:07] [31mERROR[39m: [36mFalha na geração estruturada; tentando fallback[39m
    error: {
      "name": "Error",
      "message": "main failed",
      "stack":
          Error: main failed
              at /app/tests/core/analyzer-fallback.test.ts:36:62
              at file:///app/node_modules/@vitest/runner/dist/index.js:145:11
              at file:///app/node_modules/@vitest/runner/dist/index.js:915:26
              at file:///app/node_modules/@vitest/runner/dist/index.js:1243:20
              at new Promise (<anonymous>)
              at runWithTimeout (file:///app/node_modules/@vitest/runner/dist/index.js:1209:10)
              at file:///app/node_modules/@vitest/runner/dist/index.js:1653:37
              at Traces.$ (file:///app/node_modules/vitest/dist/chunks/traces.CCmnQaNT.js:142:27)
              at trace (file:///app/node_modules/vitest/dist/chunks/test.B8ej_ZHS.js:239:21)
              at runTest (file:///app/node_modules/@vitest/runner/dist/index.js:1653:12)
    }
[01:04:07] [32mINFO[39m: [36mClip quality filters applied[39m
    [35mtotal[39m: 0
    [35mvalid[39m: 0
    [35mselected[39m: 0
[01:04:07] [32mINFO[39m: [36mProfessional clip selection completed[39m
    [35mvideoId[39m: "vid1"
    [35mrawCandidates[39m: 0
    [35mdiscoveredCandidates[39m: 0
    [35muniqueCandidates[39m: 0
    [35mapproved[39m: 0
    [35melapsedSec[39m: "0.0"
[01:04:07] [32mINFO[39m: [36mStarting professional clip selection[39m
    [35mvideoId[39m: "vid1"
    [35mminCuts[39m: 1
    [35mmaxCuts[39m: 2
    [35mcandidateMax[39m: 4
[01:04:07] [31mERROR[39m: [36mFalha na geração estruturada; tentando fallback[39m
    error: {
      "name": "Error",
      "message": "main failed",
      "stack":
          Error: main failed
              at /app/tests/core/analyzer-fallback.test.ts:43:62
              at file:///app/node_modules/@vitest/runner/dist/index.js:145:11
              at file:///app/node_modules/@vitest/runner/dist/index.js:915:26
              at file:///app/node_modules/@vitest/runner/dist/index.js:1243:20
              at new Promise (<anonymous>)
              at runWithTimeout (file:///app/node_modules/@vitest/runner/dist/index.js:1209:10)
              at file:///app/node_modules/@vitest/runner/dist/index.js:1653:37
              at Traces.$ (file:///app/node_modules/vitest/dist/chunks/traces.CCmnQaNT.js:142:27)
              at trace (file:///app/node_modules/vitest/dist/chunks/test.B8ej_ZHS.js:239:21)
              at runTest (file:///app/node_modules/@vitest/runner/dist/index.js:1653:12)
    }
[01:04:07] [32mINFO[39m: [36mClip quality filters applied[39m
    [35mtotal[39m: 1
    [35mvalid[39m: 1
    [35mselected[39m: 1
[01:04:07] [32mINFO[39m: [36mProfessional clip selection completed[39m
    [35mvideoId[39m: "vid1"
    [35mrawCandidates[39m: 1
    [35mdiscoveredCandidates[39m: 0
    [35muniqueCandidates[39m: 1
    [35mapproved[39m: 1
    [35melapsedSec[39m: "0.0"
[01:04:07] [32mINFO[39m: [36mStarting professional clip selection[39m
    [35mvideoId[39m: "vid1"
    [35mminCuts[39m: 1
    [35mmaxCuts[39m: 2
    [35mcandidateMax[39m: 4
[01:04:07] [31mERROR[39m: [36mFalha na geração estruturada; tentando fallback[39m
    error: {
      "name": "Error",
      "message": "main failed",
      "stack":
          Error: main failed
              at /app/tests/core/analyzer-fallback.test.ts:60:62
              at file:///app/node_modules/@vitest/runner/dist/index.js:145:11
              at file:///app/node_modules/@vitest/runner/dist/index.js:915:26
              at file:///app/node_modules/@vitest/runner/dist/index.js:1243:20
              at new Promise (<anonymous>)
              at runWithTimeout (file:///app/node_modules/@vitest/runner/dist/index.js:1209:10)
              at file:///app/node_modules/@vitest/runner/dist/index.js:1653:37
              at Traces.$ (file:///app/node_modules/vitest/dist/chunks/traces.CCmnQaNT.js:142:27)
              at trace (file:///app/node_modules/vitest/dist/chunks/test.B8ej_ZHS.js:239:21)
              at runTest (file:///app/node_modules/@vitest/runner/dist/index.js:1653:12)
    }
[01:04:07] [32mINFO[39m: [36mClip quality filters applied[39m
    [35mtotal[39m: 1
    [35mvalid[39m: 1
    [35mselected[39m: 1
[01:04:07] [32mINFO[39m: [36mProfessional clip selection completed[39m
    [35mvideoId[39m: "vid1"
    [35mrawCandidates[39m: 1
    [35mdiscoveredCandidates[39m: 0
    [35muniqueCandidates[39m: 1
    [35mapproved[39m: 1
    [35melapsedSec[39m: "0.0"
 [32m✓[39m tests/core/analyzer-fallback.test.ts [2m([22m[2m5 tests[22m[2m)[22m[32m 32[2mms[22m[39m
 [32m✓[39m tests/core/youtube-auth.service.test.ts [2m([22m[2m23 tests[22m[2m)[22m[32m 27[2mms[22m[39m
 [32m✓[39m tests/server/job-store.test.ts [2m([22m[2m25 tests[22m[2m)[22m[32m 24[2mms[22m[39m
(node:46310) [DEP0040] DeprecationWarning: The `punycode` module is deprecated. Please use a userland alternative instead.
(Use `node --trace-deprecation ...` to show where the warning was created)
 [32m✓[39m tests/cli-interactive.test.ts [2m([22m[2m10 tests[22m[2m)[22m[32m 25[2mms[22m[39m
 [32m✓[39m tests/core/youtube-info.test.ts [2m([22m[2m16 tests[22m[2m)[22m[32m 23[2mms[22m[39m
 [32m✓[39m tests/core/channel-bundle-repository.test.ts [2m([22m[2m13 tests[22m[2m)[22m[32m 23[2mms[22m[39m
 [32m✓[39m tests/core/generate-json.test.ts [2m([22m[2m15 tests[22m[2m)[22m[32m 23[2mms[22m[39m
 [32m✓[39m tests/core/video-processor.test.ts [2m([22m[2m2 tests[22m[2m)[22m[32m 27[2mms[22m[39m
[01:04:11] [32mINFO[39m: [36mStarting professional clip selection[39m
    [35mvideoId[39m: "vid1"
    [35mminCuts[39m: 4
    [35mmaxCuts[39m: 6
    [35mcandidateMax[39m: 12
 [32m✓[39m tests/core/analyzer-chunking.test.ts [2m([22m[2m1 test[22m[2m)[22m[32m 21[2mms[22m[39m
[01:04:11] [32mINFO[39m: [36m📦 Transcrição grande — analisando em chunks[39m
    [35mvideoId[39m: "vid1"
    [35mchunkCount[39m: 5
    [35mtotalSegments[39m: 600
[01:04:11] [32mINFO[39m: [36m🔍 Analisando chunk[39m
    [35mchunk[39m: 1
    [35mof[39m: 5
    [35msegments[39m: 139
    [35mchars[39m: 31861
[01:04:11] [32mINFO[39m: [36m🔍 Analisando chunk[39m
    [35mchunk[39m: 2
    [35mof[39m: 5
    [35msegments[39m: 139
    [35mchars[39m: 31969
[01:04:11] [32mINFO[39m: [36m🔍 Analisando chunk[39m
    [35mchunk[39m: 3
    [35mof[39m: 5
    [35msegments[39m: 139
    [35mchars[39m: 31969
[01:04:11] [32mINFO[39m: [36m🔍 Analisando chunk[39m
    [35mchunk[39m: 4
    [35mof[39m: 5
    [35msegments[39m: 138
    [35mchars[39m: 31838
[01:04:11] [32mINFO[39m: [36m🔍 Analisando chunk[39m
    [35mchunk[39m: 5
    [35mof[39m: 5
    [35msegments[39m: 53
    [35mchars[39m: 12295
[01:04:11] [32mINFO[39m: [36mClip quality filters applied[39m
    [35mtotal[39m: 1
    [35mvalid[39m: 1
    [35mselected[39m: 1
[01:04:11] [32mINFO[39m: [36mProfessional clip selection completed[39m
    [35mvideoId[39m: "vid1"
    [35mrawCandidates[39m: 1
    [35mdiscoveredCandidates[39m: 0
    [35muniqueCandidates[39m: 1
    [35mapproved[39m: 1
    [35melapsedSec[39m: "0.0"
 [32m✓[39m tests/core/pipeline-smoke.test.ts [2m([22m[2m6 tests[22m[2m)[22m[32m 21[2mms[22m[39m
 [32m✓[39m tests/core/viral-feedback.test.ts [2m([22m[2m12 tests[22m[2m)[22m[32m 19[2mms[22m[39m
 [32m✓[39m tests/core/pipeline-filters.test.ts [2m([22m[2m18 tests[22m[2m)[22m[32m 21[2mms[22m[39m
 [32m✓[39m tests/core/analyzer.test.ts [2m([22m[2m4 tests[22m[2m)[22m[32m 18[2mms[22m[39m
[01:04:12] [32mINFO[39m: [36mStarting professional clip selection[39m
    [35mvideoId[39m: "vid1"
    [35mminCuts[39m: 1
    [35mmaxCuts[39m: 2
    [35mcandidateMax[39m: 4
[01:04:12] [32mINFO[39m: [36mClip quality filters applied[39m
    [35mtotal[39m: 1
    [35mvalid[39m: 1
    [35mselected[39m: 1
[01:04:12] [32mINFO[39m: [36mProfessional clip selection completed[39m
    [35mvideoId[39m: "vid1"
    [35mrawCandidates[39m: 1
    [35mdiscoveredCandidates[39m: 0
    [35muniqueCandidates[39m: 1
    [35mapproved[39m: 1
    [35melapsedSec[39m: "0.0"
[01:04:12] [32mINFO[39m: [36mStarting professional clip selection[39m
    [35mvideoId[39m: "vid1"
    [35mminCuts[39m: 1
    [35mmaxCuts[39m: 2
    [35mcandidateMax[39m: 4
[01:04:12] [32mINFO[39m: [36mClip quality filters applied[39m
    [35mtotal[39m: 2
    [35mvalid[39m: 2
    [35mselected[39m: 2
[01:04:12] [32mINFO[39m: [36mProfessional clip selection completed[39m
    [35mvideoId[39m: "vid1"
    [35mrawCandidates[39m: 2
    [35mdiscoveredCandidates[39m: 0
    [35muniqueCandidates[39m: 2
    [35mapproved[39m: 2
    [35melapsedSec[39m: "0.0"
[01:04:12] [32mINFO[39m: [36mStarting professional clip selection[39m
    [35mvideoId[39m: "vid1"
    [35mminCuts[39m: 1
    [35mmaxCuts[39m: 2
    [35mcandidateMax[39m: 4
[01:04:12] [32mINFO[39m: [36mClip quality filters applied[39m
    [35mtotal[39m: 0
    [35mvalid[39m: 0
    [35mselected[39m: 0
[01:04:12] [32mINFO[39m: [36mProfessional clip selection completed[39m
    [35mvideoId[39m: "vid1"
    [35mrawCandidates[39m: 0
    [35mdiscoveredCandidates[39m: 0
    [35muniqueCandidates[39m: 0
    [35mapproved[39m: 0
    [35melapsedSec[39m: "0.0"
[01:04:12] [32mINFO[39m: [36mStarting professional clip selection[39m
    [35mvideoId[39m: "vid1"
    [35mminCuts[39m: 1
    [35mmaxCuts[39m: 2
    [35mcandidateMax[39m: 4
[01:04:12] [32mINFO[39m: [36mClip quality filters applied[39m
    [35mtotal[39m: 0
    [35mvalid[39m: 0
    [35mselected[39m: 0
[01:04:12] [32mINFO[39m: [36mProfessional clip selection completed[39m
    [35mvideoId[39m: "vid1"
    [35mrawCandidates[39m: 0
    [35mdiscoveredCandidates[39m: 0
    [35muniqueCandidates[39m: 0
    [35mapproved[39m: 0
    [35melapsedSec[39m: "0.0"
 [32m✓[39m tests/core/channel-config-resolver.test.ts [2m([22m[2m8 tests[22m[2m)[22m[32m 19[2mms[22m[39m
[01:04:13] [32mINFO[39m: [36mStarting professional clip selection[39m
    [35mvideoId[39m: "video-1"
    [35mminCuts[39m: 1
    [35mmaxCuts[39m: 2
    [35mcandidateMax[39m: 4
 [32m✓[39m tests/core/analyzer-quality.test.ts [2m([22m[2m2 tests[22m[2m)[22m[32m 18[2mms[22m[39m
[01:04:13] [32mINFO[39m: [36mClip rejected by editorial quality review[39m
    [35mtitle[39m: "A história que pode mudar sua disciplina hoje"
    [35mreview[39m: {
      "candidateIndex": 0,
      "editorialScore": 5,
      "hookScore": 4,
      "standaloneScore": 8,
      "payoffScore": 8,
      "approved": false,
      "reason": "Começa com introdução."
    }
[01:04:13] [32mINFO[39m: [36mClip quality filters applied[39m
    [35mtotal[39m: 0
    [35mvalid[39m: 0
    [35mselected[39m: 0
[01:04:13] [32mINFO[39m: [36mClip quality filters applied[39m
    [35mtotal[39m: 0
    [35mvalid[39m: 0
    [35mselected[39m: 0
[01:04:13] [32mINFO[39m: [36mClip repair pass completed[39m
    [35mrepairedCandidates[39m: 0
    [35mapprovedRepairs[39m: 0
[01:04:13] [32mINFO[39m: [36mProfessional clip selection completed[39m
    [35mvideoId[39m: "video-1"
    [35mrawCandidates[39m: 1
    [35mdiscoveredCandidates[39m: 0
    [35muniqueCandidates[39m: 1
    [35mapproved[39m: 0
    [35melapsedSec[39m: "0.0"
[01:04:13] [32mINFO[39m: [36mStarting professional clip selection[39m
    [35mvideoId[39m: "video-2"
    [35mminCuts[39m: 1
    [35mmaxCuts[39m: 1
    [35mcandidateMax[39m: 2
[01:04:13] [32mINFO[39m: [36mClip quality filters applied[39m
    [35mtotal[39m: 1
    [35mvalid[39m: 0
    [35mselected[39m: 0
[01:04:13] [32mINFO[39m: [36mClip quality filters applied[39m
    [35mtotal[39m: 1
    [35mvalid[39m: 1
    [35mselected[39m: 1
[01:04:13] [32mINFO[39m: [36mClip repair pass completed[39m
    [35mrepairedCandidates[39m: 1
    [35mapprovedRepairs[39m: 1
[01:04:13] [32mINFO[39m: [36mProfessional clip selection completed[39m
    [35mvideoId[39m: "video-2"
    [35mrawCandidates[39m: 1
    [35mdiscoveredCandidates[39m: 0
    [35muniqueCandidates[39m: 1
    [35mapproved[39m: 1
    [35melapsedSec[39m: "0.0"
(node:46420) [DEP0040] DeprecationWarning: The `punycode` module is deprecated. Please use a userland alternative instead.
(Use `node --trace-deprecation ...` to show where the warning was created)
 [32m✓[39m tests/server/health-check.test.ts [2m([22m[2m1 test[22m[2m)[22m[32m 18[2mms[22m[39m
 [32m✓[39m tests/core/youtube-download.test.ts [2m([22m[2m14 tests[22m[2m)[22m[32m 18[2mms[22m[39m
 [32m✓[39m tests/core/clip-quality.test.ts [2m([22m[2m4 tests[22m[2m)[22m[32m 17[2mms[22m[39m
 [32m✓[39m tests/core/analyzer-generation.test.ts [2m([22m[2m6 tests[22m[2m)[22m[32m 17[2mms[22m[39m
 [32m✓[39m tests/core/managed-run-repository.test.ts [2m([22m[2m18 tests[22m[2m)[22m[32m 17[2mms[22m[39m
 [32m✓[39m tests/core/quiz/quiz-video.test.ts [2m([22m[2m5 tests[22m[2m)[22m[32m 16[2mms[22m[39m
 [32m✓[39m tests/core/config.test.ts [2m([22m[2m12 tests[22m[2m)[22m[32m 17[2mms[22m[39m
[01:04:17] [32mINFO[39m: [36mStarting professional clip selection[39m
    [35mvideoId[39m: "full-scan"
    [35mminCuts[39m: 1
    [35mmaxCuts[39m: 3
    [35mcandidateMax[39m: 6
[01:04:17] [32mINFO[39m: [36mClip rejected by editorial quality review[39m
    [35mtitle[39m: "Candidate 0"
[01:04:17] [32mINFO[39m: [36mClip rejected by editorial quality review[39m
    [35mtitle[39m: "Candidate 1"
[01:04:17] [32mINFO[39m: [36mClip rejected by editorial quality review[39m
    [35mtitle[39m: "Candidate 2"
[01:04:17] [32mINFO[39m: [36mClip rejected by editorial quality review[39m
    [35mtitle[39m: "Candidate 3"
[01:04:17] [32mINFO[39m: [36mClip rejected by editorial quality review[39m
    [35mtitle[39m: "Candidate 4"
[01:04:17] [32mINFO[39m: [36mClip rejected by editorial quality review[39m
    [35mtitle[39m: "Candidate 5"
[01:04:17] [32mINFO[39m: [36mClip quality filters applied[39m
    [35mtotal[39m: 1
    [35mvalid[39m: 1
    [35mselected[39m: 1
[01:04:17] [32mINFO[39m: [36mProfessional clip selection completed[39m
    [35mvideoId[39m: "full-scan"
    [35mrawCandidates[39m: 6
    [35mdiscoveredCandidates[39m: 1
    [35muniqueCandidates[39m: 7
    [35mapproved[39m: 1
    [35melapsedSec[39m: "0.0"
 [32m✓[39m tests/core/analyzer-candidate-pool.test.ts [2m([22m[2m1 test[22m[2m)[22m[32m 16[2mms[22m[39m
 [32m✓[39m tests/core/youtube-metadata.service.test.ts [2m([22m[2m11 tests[22m[2m)[22m[32m 16[2mms[22m[39m
 [32m✓[39m tests/core/short-quality.test.ts [2m([22m[2m13 tests[22m[2m)[22m[32m 16[2mms[22m[39m
 [32m✓[39m tests/core/quiz/quiz-tts.test.ts [2m([22m[2m4 tests[22m[2m)[22m[32m 16[2mms[22m[39m
 [32m✓[39m tests/core/quiz/quiz-ffmpeg.test.ts [2m([22m[2m4 tests[22m[2m)[22m[32m 16[2mms[22m[39m
 [32m✓[39m tests/core/secret-store.test.ts [2m([22m[2m2 tests[22m[2m)[22m[32m 16[2mms[22m[39m
 [32m✓[39m tests/core/state-missing.test.ts [2m([22m[2m5 tests[22m[2m)[22m[32m 18[2mms[22m[39m
 [32m✓[39m tests/core/retry-backoff.test.ts [2m([22m[2m6 tests[22m[2m)[22m[32m 14[2mms[22m[39m
 [32m✓[39m tests/core/presenter-title.test.ts [2m([22m[2m6 tests[22m[2m)[22m[32m 15[2mms[22m[39m
 [32m✓[39m tests/core/quiz/quiz-domain.test.ts [2m([22m[2m5 tests[22m[2m)[22m[32m 14[2mms[22m[39m
 [32m✓[39m tests/core/clip-repair.test.ts [2m([22m[2m3 tests[22m[2m)[22m[32m 13[2mms[22m[39m
 [32m✓[39m tests/core/analyzer-filtering.test.ts [2m([22m[2m2 tests[22m[2m)[22m[32m 14[2mms[22m[39m
[01:04:20] [32mINFO[39m: [36mStarting professional clip selection[39m
    [35mvideoId[39m: "vid1"
    [35mminCuts[39m: 1
    [35mmaxCuts[39m: 2
    [35mcandidateMax[39m: 4
[01:04:20] [32mINFO[39m: [36mClip quality filters applied[39m
    [35mtotal[39m: 2
    [35mvalid[39m: 1
    [35mselected[39m: 1
[01:04:20] [32mINFO[39m: [36mProfessional clip selection completed[39m
    [35mvideoId[39m: "vid1"
    [35mrawCandidates[39m: 4
    [35mdiscoveredCandidates[39m: 0
    [35muniqueCandidates[39m: 2
    [35mapproved[39m: 1
    [35melapsedSec[39m: "0.0"
[01:04:20] [32mINFO[39m: [36mStarting professional clip selection[39m
    [35mvideoId[39m: "vid1"
    [35mminCuts[39m: 1
    [35mmaxCuts[39m: 2
    [35mcandidateMax[39m: 4
[01:04:20] [32mINFO[39m: [36mClip quality filters applied[39m
    [35mtotal[39m: 1
    [35mvalid[39m: 1
    [35mselected[39m: 1
[01:04:20] [32mINFO[39m: [36mProfessional clip selection completed[39m
    [35mvideoId[39m: "vid1"
    [35mrawCandidates[39m: 1
    [35mdiscoveredCandidates[39m: 0
    [35muniqueCandidates[39m: 1
    [35mapproved[39m: 1
    [35melapsedSec[39m: "0.0"
 [32m✓[39m tests/core/youtube-section.test.ts [2m([22m[2m7 tests[22m[2m)[22m[32m 13[2mms[22m[39m
 [32m✓[39m tests/core/quiz/quiz-filters.test.ts [2m([22m[2m7 tests[22m[2m)[22m[32m 12[2mms[22m[39m
 [32m✓[39m tests/core/analyzer-chunks.test.ts [2m([22m[2m6 tests[22m[2m)[22m[32m 12[2mms[22m[39m
 [32m✓[39m tests/core/audio-chunker.test.ts [2m([22m[2m8 tests[22m[2m)[22m[32m 12[2mms[22m[39m
 [32m✓[39m tests/core/quiz/quiz-content.test.ts [2m([22m[2m5 tests[22m[2m)[22m[32m 11[2mms[22m[39m
 [32m✓[39m tests/core/subtitle.test.ts [2m([22m[2m9 tests[22m[2m)[22m[32m 11[2mms[22m[39m
 [32m✓[39m tests/core/clip-quality-branches.test.ts [2m([22m[2m3 tests[22m[2m)[22m[32m 11[2mms[22m[39m
 [32m✓[39m tests/core/clip-processing-branches.test.ts [2m([22m[2m1 test[22m[2m)[22m[32m 10[2mms[22m[39m
 [32m✓[39m tests/core/clip-processing.test.ts [2m([22m[2m1 test[22m[2m)[22m[32m 10[2mms[22m[39m
 [32m✓[39m tests/core/control-plane-migrations.test.ts [2m([22m[2m3 tests[22m[2m)[22m[32m 10[2mms[22m[39m
 [32m✓[39m tests/core/youtube.health.ts [2m([22m[2m3 tests[22m[2m)[22m[32m 10[2mms[22m[39m
 [32m✓[39m tests/core/full-video-metadata.test.ts [2m([22m[2m5 tests[22m[2m)[22m[32m 10[2mms[22m[39m
 [32m✓[39m tests/server/admin-helpers.test.ts [2m([22m[2m6 tests[22m[2m)[22m[32m 10[2mms[22m[39m
 [32m✓[39m tests/core/face-framing.test.ts [2m([22m[2m7 tests[22m[2m)[22m[32m 10[2mms[22m[39m
 [32m✓[39m tests/core/control-plane-config.test.ts [2m([22m[2m6 tests[22m[2m)[22m[32m 10[2mms[22m[39m
 [32m✓[39m tests/core/analyzer-schema.test.ts [2m([22m[2m3 tests[22m[2m)[22m[32m 10[2mms[22m[39m
 [32m✓[39m tests/core/clip-boundary.test.ts [2m([22m[2m11 tests[22m[2m)[22m[32m 9[2mms[22m[39m
 [32m✓[39m tests/server/admin-schemas.test.ts [2m([22m[2m5 tests[22m[2m)[22m[32m 10[2mms[22m[39m
 [32m✓[39m tests/core/video-metadata.test.ts [2m([22m[2m7 tests[22m[2m)[22m[32m 10[2mms[22m[39m
 [32m✓[39m tests/core/candidate-discovery-branches.test.ts [2m([22m[2m4 tests[22m[2m)[22m[32m 9[2mms[22m[39m
 [32m✓[39m tests/core/abort-timeout.test.ts [2m([22m[2m1 test[22m[2m)[22m[32m 9[2mms[22m[39m
 [32m✓[39m tests/core/candidate-discovery.test.ts [2m([22m[2m1 test[22m[2m)[22m[32m 8[2mms[22m[39m
(node:46742) [DEP0040] DeprecationWarning: The `punycode` module is deprecated. Please use a userland alternative instead.
(Use `node --trace-deprecation ...` to show where the warning was created)
 [32m✓[39m tests/core/quiz/quiz-pipeline-helpers.test.ts [2m([22m[2m6 tests[22m[2m)[22m[32m 8[2mms[22m[39m
 [32m✓[39m tests/core/ai-provider.test.ts [2m([22m[2m2 tests[22m[2m)[22m[32m 5[2mms[22m[39m
 [32m✓[39m tests/core/quiz/quiz-assets-missing.test.ts [2m([22m[2m1 test[22m[2m)[22m[32m 5[2mms[22m[39m
 [32m✓[39m tests/core/logger.test.ts [2m([22m[2m1 test[22m[2m)[22m[32m 5[2mms[22m[39m
 [32m✓[39m tests/core/youtube-barrel.test.ts [2m([22m[2m1 test[22m[2m)[22m[32m 5[2mms[22m[39m
 [32m✓[39m tests/core/channel-domain.test.ts [2m([22m[2m2 tests[22m[2m)[22m[32m 5[2mms[22m[39m
 [32m✓[39m tests/core/audio-polish.test.ts [2m([22m[2m1 test[22m[2m)[22m[32m 5[2mms[22m[39m
 [32m✓[39m tests/core/analyzer-prompt.test.ts [2m([22m[2m1 test[22m[2m)[22m[32m 5[2mms[22m[39m
 [32m✓[39m tests/core/control-plane-db-2.test.ts [2m([22m[2m1 test[22m[2m)[22m[32m 4[2mms[22m[39m

[2m Test Files [22m [1m[32m93 passed[39m[22m[90m (93)[39m
[2m      Tests [22m [1m[32m924 passed[39m[22m[90m (924)[39m
[2m   Start at [22m 01:02:27
[2m   Duration [22m 123.53s[2m (transform 2.65s, setup 0ms, import 18.54s, tests 83.54s, environment 18ms)[22m

[34m % [39m[2mCoverage report from [22m[33mv8[39m
-------------------|---------|----------|---------|---------|-------------------
File               | % Stmts | % Branch | % Funcs | % Lines | Uncovered Line #s
-------------------|---------|----------|---------|---------|-------------------
All files          |     100 |      100 |     100 |     100 |
 core              |     100 |      100 |     100 |     100 |
  abort-timeout.ts |     100 |      100 |     100 |     100 |
  ai-provider.ts   |     100 |      100 |     100 |     100 |
  ...zer-chunks.ts |     100 |      100 |     100 |     100 |
  ...generation.ts |     100 |      100 |     100 |     100 |
  ...zer-prompt.ts |     100 |      100 |     100 |     100 |
  ...zer-schema.ts |     100 |      100 |     100 |     100 |
  analyzer.ts      |     100 |      100 |     100 |     100 |
  audio-chunker.ts |     100 |      100 |     100 |     100 |
  audio-polish.ts  |     100 |      100 |     100 |     100 |
  ...-discovery.ts |     100 |      100 |     100 |     100 |
  ...repository.ts |     100 |      100 |     100 |     100 |
  ...g-resolver.ts |     100 |      100 |     100 |     100 |
  ...nel-domain.ts |     100 |      100 |     100 |     100 |
  clip-boundary.ts |     100 |      100 |     100 |     100 |
  ...processing.ts |     100 |      100 |     100 |     100 |
  clip-quality.ts  |     100 |      100 |     100 |     100 |
  clip-repair.ts   |     100 |      100 |     100 |     100 |
  config.ts        |     100 |      100 |     100 |     100 |
  ...ane-config.ts |     100 |      100 |     100 |     100 |
  ...l-plane-db.ts |     100 |      100 |     100 |     100 |
  ...migrations.ts |     100 |      100 |     100 |     100 |
  face-framing.ts  |     100 |      100 |     100 |     100 |
  ...o-metadata.ts |     100 |      100 |     100 |     100 |
  generate-json.ts |     100 |      100 |     100 |     100 |
  logger.ts        |     100 |      100 |     100 |     100 |
  ...repository.ts |     100 |      100 |     100 |     100 |
  ...ne-filters.ts |     100 |      100 |     100 |     100 |
  ...-processor.ts |     100 |      100 |     100 |     100 |
  pipeline.ts      |     100 |      100 |     100 |     100 |
  ...nter-title.ts |     100 |      100 |     100 |     100 |
  queue-client.ts  |     100 |      100 |     100 |     100 |
  queue-worker.ts  |     100 |      100 |     100 |     100 |
  queue.ts         |     100 |      100 |     100 |     100 |
  retry-backoff.ts |     100 |      100 |     100 |     100 |
  secret-store.ts  |     100 |      100 |     100 |     100 |
  short-quality.ts |     100 |      100 |     100 |     100 |
  ...t-renderer.ts |     100 |      100 |     100 |     100 |
  sqlite-db.ts     |     100 |      100 |     100 |     100 |
  state.ts         |     100 |      100 |     100 |     100 |
  subtitle.ts      |     100 |      100 |     100 |     100 |
  ...ram-alerts.ts |     100 |      100 |     100 |     100 |
  telegram-bot.ts  |     100 |      100 |     100 |     100 |
  ...formatting.ts |     100 |      100 |     100 |     100 |
  telegram.ts      |     100 |      100 |     100 |     100 |
  ...criber-api.ts |     100 |      100 |     100 |     100 |
  transcriber.ts   |     100 |      100 |     100 |     100 |
  ...-processor.ts |     100 |      100 |     100 |     100 |
  ...l-feedback.ts |     100 |      100 |     100 |     100 |
  ...th.service.ts |     100 |      100 |     100 |     100 |
  ...be-channel.ts |     100 |      100 |     100 |     100 |
  ...nt.service.ts |     100 |      100 |     100 |     100 |
  ...e-download.ts |     100 |      100 |     100 |     100 |
  youtube-info.ts  |     100 |      100 |     100 |     100 |
  ...ta.service.ts |     100 |      100 |     100 |     100 |
  ...ube-reauth.ts |     100 |      100 |     100 |     100 |
  ...be-section.ts |     100 |      100 |     100 |     100 |
  ...ad.service.ts |     100 |      100 |     100 |     100 |
  youtube-ytdlp.ts |     100 |      100 |     100 |     100 |
  ...be.service.ts |     100 |      100 |     100 |     100 |
 core/quiz         |     100 |      100 |     100 |     100 |
  ...ts.service.ts |     100 |      100 |     100 |     100 |
  ...nt.service.ts |     100 |      100 |     100 |     100 |
  ...eg.service.ts |     100 |      100 |     100 |     100 |
  ...rs.service.ts |     100 |      100 |     100 |     100 |
  quiz-pipeline.ts |     100 |      100 |     100 |     100 |
  ...ts.service.ts |     100 |      100 |     100 |     100 |
  ...eo.service.ts |     100 |      100 |     100 |     100 |
  quiz.domain.ts   |     100 |      100 |     100 |     100 |
 server            |     100 |      100 |     100 |     100 |
  ...nel-routes.ts |     100 |      100 |     100 |     100 |
  admin-helpers.ts |     100 |      100 |     100 |     100 |
  ...uth-routes.ts |     100 |      100 |     100 |     100 |
  admin-routes.ts  |     100 |      100 |     100 |     100 |
  ...run-routes.ts |     100 |      100 |     100 |     100 |
  admin-schemas.ts |     100 |      100 |     100 |     100 |
  ...middleware.ts |     100 |      100 |     100 |     100 |
  index.ts         |     100 |      100 |     100 |     100 |
  job-store.ts     |     100 |      100 |     100 |     100 |
  routes.ts        |     100 |      100 |     100 |     100 |
  ...uth-routes.ts |     100 |      100 |     100 |     100 |
-------------------|---------|----------|---------|---------|-------------------
